Component: ARM Compiler 5.06 update 7 (build 960) Tool: armlink [4d3601]

==============================================================================

Section Cross References

    main.o(i.USART1_IRQHandler) refers to onewire.o(i.owReadHandler) for owReadHandler
    main.o(i.board_led_ini) refers to stm32f10x_rcc.o(i.RCC_APB2PeriphClockCmd) for RCC_APB2PeriphClockCmd
    main.o(i.board_led_ini) refers to stm32f10x_gpio.o(i.GPIO_Init) for GPIO_Init
    main.o(i.board_led_ini) refers to stm32f10x_gpio.o(i.GPIO_SetBits) for GPIO_SetBits
    main.o(i.bubble_sort) refers to dleqf.o(x$fpl$dleqf) for __aeabi_cdcmple
    main.o(i.check_mass) refers to dflt_clz.o(x$fpl$dflt) for __aeabi_i2d
    main.o(i.check_mass) refers to dleqf.o(x$fpl$dleqf) for __aeabi_cdcmple
    main.o(i.check_mass) refers to noretval__2printf.o(.text) for __2printf
    main.o(i.check_mass) refers to dmul.o(x$fpl$dmul) for __aeabi_dmul
    main.o(i.check_mass) refers to drleqf.o(x$fpl$drleqf) for __aeabi_cdrcmple
    main.o(i.get_ROMid) refers to _printf_percent.o(.ARM.Collect$$_printf_percent$$00000000) for _printf_percent
    main.o(i.get_ROMid) refers to _printf_d.o(.ARM.Collect$$_printf_percent$$00000009) for _printf_d
    main.o(i.get_ROMid) refers to _printf_dec.o(.text) for _printf_int_dec
    main.o(i.get_ROMid) refers to _printf_pad.o(.text) for _printf_pre_padding
    main.o(i.get_ROMid) refers to _printf_x.o(.ARM.Collect$$_printf_percent$$0000000C) for _printf_x
    main.o(i.get_ROMid) refers to _printf_hex_int.o(.text) for _printf_longlong_hex
    main.o(i.get_ROMid) refers to onewire.o(i.owResetCmd) for owResetCmd
    main.o(i.get_ROMid) refers to onewire.o(i.owSearchCmd) for owSearchCmd
    main.o(i.get_ROMid) refers to noretval__2printf.o(.text) for __2printf
    main.o(i.get_ROMid) refers to onewire.o(i.owCRC8) for owCRC8
    main.o(i.get_ROMid) refers to main.o(.bss) for ow
    main.o(i.get_ROMid) refers to main.o(.data) for devices
    main.o(i.main) refers to _printf_percent.o(.ARM.Collect$$_printf_percent$$00000000) for _printf_percent
    main.o(i.main) refers to _printf_d.o(.ARM.Collect$$_printf_percent$$00000009) for _printf_d
    main.o(i.main) refers to _printf_dec.o(.text) for _printf_int_dec
    main.o(i.main) refers to _printf_pad.o(.text) for _printf_pre_padding
    main.o(i.main) refers to _printf_f.o(.ARM.Collect$$_printf_percent$$00000003) for _printf_f
    main.o(i.main) refers to printf1.o(x$fpl$printf1) for _printf_fp_dec
    main.o(i.main) refers to rt_memclr_w.o(.text) for __aeabi_memclr4
    main.o(i.main) refers to main.o(i.usart_gpio_setup) for usart_gpio_setup
    main.o(i.main) refers to main.o(i.board_led_ini) for board_led_ini
    main.o(i.main) refers to main.o(i.get_ROMid) for get_ROMid
    main.o(i.main) refers to noretval__2printf.o(.text) for __2printf
    main.o(i.main) refers to onewire.o(i.readTemperature) for readTemperature
    main.o(i.main) refers to dflt_clz.o(x$fpl$dfltu) for __aeabi_ui2d
    main.o(i.main) refers to ddiv.o(x$fpl$ddiv) for __aeabi_ddiv
    main.o(i.main) refers to dflt_clz.o(x$fpl$dflt) for __aeabi_i2d
    main.o(i.main) refers to daddsub_clz.o(x$fpl$dadd) for __aeabi_dadd
    main.o(i.main) refers to dleqf.o(x$fpl$dleqf) for __aeabi_cdcmple
    main.o(i.main) refers to drleqf.o(x$fpl$drleqf) for __aeabi_cdrcmple
    main.o(i.main) refers to deqf.o(x$fpl$deqf) for __aeabi_cdcmpeq
    main.o(i.main) refers to main.o(i.bubble_sort) for bubble_sort
    main.o(i.main) refers to main.o(i.check_mass) for check_mass
    main.o(i.main) refers to main.o(.data) for i
    main.o(i.main) refers to main.o(.bss) for ow
    main.o(i.usart_gpio_setup) refers to stm32f10x_rcc.o(i.RCC_APB2PeriphClockCmd) for RCC_APB2PeriphClockCmd
    main.o(i.usart_gpio_setup) refers to stm32f10x_gpio.o(i.GPIO_Init) for GPIO_Init
    onewire.o(i.hasNextRom) refers to onewire.o(i.owResetCmd) for owResetCmd
    onewire.o(i.hasNextRom) refers to onewire.o(i.owSendByte) for owSendByte
    onewire.o(i.hasNextRom) refers to onewire.o(i.owSend) for owSend
    onewire.o(i.hasNextRom) refers to onewire.o(i.owEchoRead) for owEchoRead
    onewire.o(i.hasNextRom) refers to onewire.o(i.owReadSlot) for owReadSlot
    onewire.o(i.owCRC8) refers to onewire.o(i.owCRC) for owCRC
    onewire.o(i.owConvertTemperatureCmd) refers to onewire.o(i.owMatchRomCmd) for owMatchRomCmd
    onewire.o(i.owConvertTemperatureCmd) refers to onewire.o(i.owSendByte) for owSendByte
    onewire.o(i.owCopyScratchpadCmd) refers to onewire.o(i.owMatchRomCmd) for owMatchRomCmd
    onewire.o(i.owCopyScratchpadCmd) refers to onewire.o(i.owSendByte) for owSendByte
    onewire.o(i.owEchoRead) refers to onewire.o(i.getUsartIndex) for getUsartIndex
    onewire.o(i.owEchoRead) refers to onewire.o(.data) for recvFlag
    onewire.o(i.owEchoRead) refers to onewire.o(.bss) for rc_buffer
    onewire.o(i.owMatchRomCmd) refers to onewire.o(i.owResetCmd) for owResetCmd
    onewire.o(i.owMatchRomCmd) refers to onewire.o(i.owSendByte) for owSendByte
[...]
    Removing stm32f10x_tim.o(i.TIM_BDTRStructInit), (18 bytes).
    Removing stm32f10x_tim.o(i.TIM_CCPreloadControl), (24 bytes).
    Removing stm32f10x_tim.o(i.TIM_CCxCmd), (30 bytes).
    Removing stm32f10x_tim.o(i.TIM_CCxNCmd), (30 bytes).
    Removing stm32f10x_tim.o(i.TIM_ClearFlag), (6 bytes).
    Removing stm32f10x_tim.o(i.TIM_ClearITPendingBit), (6 bytes).
    Removing stm32f10x_tim.o(i.TIM_ClearOC1Ref), (18 bytes).
    Removing stm32f10x_tim.o(i.TIM_ClearOC2Ref), (24 bytes).
    Removing stm32f10x_tim.o(i.TIM_ClearOC3Ref), (18 bytes).
    Removing stm32f10x_tim.o(i.TIM_ClearOC4Ref), (24 bytes).
    Removing stm32f10x_tim.o(i.TIM_Cmd), (24 bytes).
    Removing stm32f10x_tim.o(i.TIM_CounterModeConfig), (18 bytes).
    Removing stm32f10x_tim.o(i.TIM_CtrlPWMOutputs), (30 bytes).
    Removing stm32f10x_tim.o(i.TIM_DMACmd), (18 bytes).
    Removing stm32f10x_tim.o(i.TIM_DMAConfig), (10 bytes).
    Removing stm32f10x_tim.o(i.TIM_DeInit), (488 bytes).
    Removing stm32f10x_tim.o(i.TIM_ETRClockMode1Config), (54 bytes).
    Removing stm32f10x_tim.o(i.TIM_ETRClockMode2Config), (32 bytes).
    Removing stm32f10x_tim.o(i.TIM_ETRConfig), (28 bytes).
    Removing stm32f10x_tim.o(i.TIM_EncoderInterfaceConfig), (66 bytes).
    Removing stm32f10x_tim.o(i.TIM_ForcedOC1Config), (18 bytes).
    Removing stm32f10x_tim.o(i.TIM_ForcedOC2Config), (26 bytes).
    Removing stm32f10x_tim.o(i.TIM_ForcedOC3Config), (18 bytes).
    Removing stm32f10x_tim.o(i.TIM_ForcedOC4Config), (26 bytes).
    Removing stm32f10x_tim.o(i.TIM_GenerateEvent), (4 bytes).
    Removing stm32f10x_tim.o(i.TIM_GetCapture1), (6 bytes).
    Removing stm32f10x_tim.o(i.TIM_GetCapture2), (6 bytes).
    Removing stm32f10x_tim.o(i.TIM_GetCapture3), (6 bytes).
    Removing stm32f10x_tim.o(i.TIM_GetCapture4), (8 bytes).
    Removing stm32f10x_tim.o(i.TIM_GetCounter), (6 bytes).
    Removing stm32f10x_tim.o(i.TIM_GetFlagStatus), (18 bytes).
    Removing stm32f10x_tim.o(i.TIM_GetITStatus), (34 bytes).
    Removing stm32f10x_tim.o(i.TIM_GetPrescaler), (6 bytes).
    Removing stm32f10x_tim.o(i.TIM_ICInit), (172 bytes).
    Removing stm32f10x_tim.o(i.TIM_ICStructInit), (18 bytes).
    Removing stm32f10x_tim.o(i.TIM_ITConfig), (18 bytes).
    Removing stm32f10x_tim.o(i.TIM_ITRxExternalClockConfig), (24 bytes).
    Removing stm32f10x_tim.o(i.TIM_InternalClockConfig), (12 bytes).
    Removing stm32f10x_tim.o(i.TIM_OC1FastConfig), (18 bytes).
    Removing stm32f10x_tim.o(i.TIM_OC1Init), (152 bytes).
    Removing stm32f10x_tim.o(i.TIM_OC1NPolarityConfig), (18 bytes).
    Removing stm32f10x_tim.o(i.TIM_OC1PolarityConfig), (18 bytes).
    Removing stm32f10x_tim.o(i.TIM_OC1PreloadConfig), (18 bytes).
    Removing stm32f10x_tim.o(i.TIM_OC2FastConfig), (26 bytes).
    Removing stm32f10x_tim.o(i.TIM_OC2Init), (164 bytes).
    Removing stm32f10x_tim.o(i.TIM_OC2NPolarityConfig), (26 bytes).
    Removing stm32f10x_tim.o(i.TIM_OC2PolarityConfig), (26 bytes).
    Removing stm32f10x_tim.o(i.TIM_OC2PreloadConfig), (26 bytes).
    Removing stm32f10x_tim.o(i.TIM_OC3FastConfig), (18 bytes).
    Removing stm32f10x_tim.o(i.TIM_OC3Init), (160 bytes).
    Removing stm32f10x_tim.o(i.TIM_OC3NPolarityConfig), (26 bytes).
    Removing stm32f10x_tim.o(i.TIM_OC3PolarityConfig), (26 bytes).
    Removing stm32f10x_tim.o(i.TIM_OC3PreloadConfig), (18 bytes).
    Removing stm32f10x_tim.o(i.TIM_OC4FastConfig), (26 bytes).
    Removing stm32f10x_tim.o(i.TIM_OC4Init), (124 bytes).
    Removing stm32f10x_tim.o(i.TIM_OC4PolarityConfig), (26 bytes).
    Removing stm32f10x_tim.o(i.TIM_OC4PreloadConfig), (26 bytes).
    Removing stm32f10x_tim.o(i.TIM_OCStructInit), (20 bytes).
    Removing stm32f10x_tim.o(i.TIM_PWMIConfig), (124 bytes).
    Removing stm32f10x_tim.o(i.TIM_PrescalerConfig), (6 bytes).
    Removing stm32f10x_tim.o(i.TIM_SelectCCDMA), (24 bytes).
    Removing stm32f10x_tim.o(i.TIM_SelectCOM), (24 bytes).
    Removing stm32f10x_tim.o(i.TIM_SelectHallSensor), (24 bytes).
    Removing stm32f10x_tim.o(i.TIM_SelectInputTrigger), (18 bytes).
    Removing stm32f10x_tim.o(i.TIM_SelectMasterSlaveMode), (18 bytes).
    Removing stm32f10x_tim.o(i.TIM_SelectOCxM), (82 bytes).
    Removing stm32f10x_tim.o(i.TIM_SelectOnePulseMode), (18 bytes).
    Removing stm32f10x_tim.o(i.TIM_SelectOutputTrigger), (18 bytes).
    Removing stm32f10x_tim.o(i.TIM_SelectSlaveMode), (18 bytes).
    Removing stm32f10x_tim.o(i.TIM_SetAutoreload), (4 bytes).
    Removing stm32f10x_tim.o(i.TIM_SetClockDivision), (18 bytes).
    Removing stm32f10x_tim.o(i.TIM_SetCompare1), (4 bytes).
    Removing stm32f10x_tim.o(i.TIM_SetCompare2), (4 bytes).
    Removing stm32f10x_tim.o(i.TIM_SetCompare3), (4 bytes).
    Removing stm32f10x_tim.o(i.TIM_SetCompare4), (6 bytes).
    Removing stm32f10x_tim.o(i.TIM_SetCounter), (4 bytes).
    Removing stm32f10x_tim.o(i.TIM_SetIC1Prescaler), (18 bytes).
    Removing stm32f10x_tim.o(i.TIM_SetIC2Prescaler), (26 bytes).
    Removing stm32f10x_tim.o(i.TIM_SetIC3Prescaler), (18 bytes).
    Removing stm32f10x_tim.o(i.TIM_SetIC4Prescaler), (26 bytes).
    Removing stm32f10x_tim.o(i.TIM_TIxExternalClockConfig), (62 bytes).
    Removing stm32f10x_tim.o(i.TIM_TimeBaseInit), (164 bytes).
    Removing stm32f10x_tim.o(i.TIM_TimeBaseStructInit), (18 bytes).
    Removing stm32f10x_tim.o(i.TIM_UpdateDisableConfig), (24 bytes).
    Removing stm32f10x_tim.o(i.TIM_UpdateRequestConfig), (24 bytes).
    Removing stm32f10x_usart.o(.rev16_text), (4 bytes).
    Removing stm32f10x_usart.o(.revsh_text), (4 bytes).
    Removing stm32f10x_usart.o(.rrx_text), (6 bytes).
    Removing stm32f10x_usart.o(i.USART_ClearFlag), (18 bytes).
    Removing stm32f10x_usart.o(i.USART_ClearITPendingBit), (30 bytes).
    Removing stm32f10x_usart.o(i.USART_ClockInit), (34 bytes).
    Removing stm32f10x_usart.o(i.USART_ClockStructInit), (12 bytes).
    Removing stm32f10x_usart.o(i.USART_DMACmd), (18 bytes).
    Removing stm32f10x_usart.o(i.USART_DeInit), (156 bytes).
    Removing stm32f10x_usart.o(i.USART_GetITStatus), (84 bytes).
    Removing stm32f10x_usart.o(i.USART_IrDACmd), (24 bytes).
    Removing stm32f10x_usart.o(i.USART_IrDAConfig), (18 bytes).
    Removing stm32f10x_usart.o(i.USART_LINBreakDetectLengthConfig), (18 bytes).
    Removing stm32f10x_usart.o(i.USART_LINCmd), (24 bytes).
    Removing stm32f10x_usart.o(i.USART_OneBitMethodCmd), (24 bytes).
    Removing stm32f10x_usart.o(i.USART_OverSampling8Cmd), (22 bytes).
    Removing stm32f10x_usart.o(i.USART_ReceiverWakeUpCmd), (24 bytes).
    Removing stm32f10x_usart.o(i.USART_SendBreak), (10 bytes).
    Removing stm32f10x_usart.o(i.USART_SetAddress), (18 bytes).
    Removing stm32f10x_usart.o(i.USART_SetGuardTime), (16 bytes).
    Removing stm32f10x_usart.o(i.USART_SetPrescaler), (16 bytes).
    Removing stm32f10x_usart.o(i.USART_SmartCardCmd), (24 bytes).
    Removing stm32f10x_usart.o(i.USART_SmartCardNACKCmd), (24 bytes).
    Removing stm32f10x_usart.o(i.USART_StructInit), (24 bytes).
    Removing stm32f10x_usart.o(i.USART_WakeUpConfig), (18 bytes).
    Removing system_stm32f10x.o(.rev16_text), (4 bytes).
    Removing system_stm32f10x.o(.revsh_text), (4 bytes).
    Removing system_stm32f10x.o(.rrx_text), (6 bytes).
    Removing system_stm32f10x.o(i.SystemCoreClockUpdate), (164 bytes).
    Removing system_stm32f10x.o(.data), (20 bytes).

231 unused section(s) (total 7534 bytes) removed from the image.

==============================================================================

Image Symbol Table

    Local Symbols

    Symbol Name                              Value     Ov Type        Size  Object(Section)

    ../clib/angel/boardlib.s                 0x00000000   Number         0  boardinit1.o ABSOLUTE
    ../clib/angel/boardlib.s                 0x00000000   Number         0  boardinit2.o ABSOLUTE
    ../clib/angel/boardlib.s                 0x00000000   Number         0  boardshut.o ABSOLUTE
    ../clib/angel/boardlib.s                 0x00000000   Number         0  boardinit3.o ABSOLUTE
    ../clib/angel/handlers.s                 0x00000000   Number         0  __scatter_zi.o ABSOLUTE
    ../clib/angel/handlers.s                 0x00000000   Number         0  __scatter_copy.o ABSOLUTE
    ../clib/angel/kernel.s                   0x00000000   Number         0  __rtentry4.o ABSOLUTE
    ../clib/angel/kernel.s                   0x00000000   Number         0  rtexit2.o ABSOLUTE
    ../clib/angel/kernel.s                   0x00000000   Number         0  __rtentry.o ABSOLUTE
    ../clib/angel/kernel.s                   0x00000000   Number         0  __rtentry2.o ABSOLUTE
    ../clib/angel/kernel.s                   0x00000000   Number         0  rtexit.o ABSOLUTE
    ../clib/angel/rt.s                       0x00000000   Number         0  rt_locale_intlibspace.o ABSOLUTE
    ../clib/angel/rt.s                       0x00000000   Number         0  rt_locale.o ABSOLUTE
    ../clib/angel/rt.s                       0x00000000   Number         0  rt_raise.o ABSOLUTE
    ../clib/angel/scatter.s                  0x00000000   Number         0  __scatter.o ABSOLUTE
    ../clib/angel/startup.s                  0x00000000   Number         0  __main.o ABSOLUTE
    ../clib/angel/sys.s                      0x00000000   Number         0  libspace.o ABSOLUTE
    ../clib/angel/sys.s                      0x00000000   Number         0  use_no_semi.o ABSOLUTE
    ../clib/angel/sys.s                      0x00000000   Number         0  indicate_semi.o ABSOLUTE
    ../clib/angel/sys.s                      0x00000000   Number         0  sys_stackheap_outer.o ABSOLUTE
    ../clib/angel/sysapp.c                   0x00000000   Number         0  sys_command.o ABSOLUTE
    ../clib/angel/sysapp.c                   0x00000000   Number         0  sys_exit.o ABSOLUTE
    ../clib/angel/sysapp.c                   0x00000000   Number         0  sys_wrch.o ABSOLUTE
    ../clib/armsys.c                         0x00000000   Number         0  _get_argv_nomalloc.o ABSOLUTE
    ../clib/armsys.c                         0x00000000   Number         0  argv_veneer.o ABSOLUTE
    ../clib/armsys.c                         0x00000000   Number         0  argv_veneer.o ABSOLUTE
    ../clib/armsys.c                         0x00000000   Number         0  no_argv.o ABSOLUTE
    ../clib/bigflt.c                         0x00000000   Number         0  bigflt0.o ABSOLUTE
    ../clib/btod.s                           0x00000000   Number         0  btod.o ABSOLUTE
    ../clib/heapalloc.c                      0x00000000   Number         0  hrguard.o ABSOLUTE
    ../clib/heapaux.c                        0x00000000   Number         0  heapauxi.o ABSOLUTE
    ../clib/libinit.s                        0x00000000   Number         0  libshutdown.o ABSOLUTE
    ../clib/libinit.s                        0x00000000   Number         0  libshutdown2.o ABSOLUTE
    ../clib/libinit.s                        0x00000000   Number         0  libinit.o ABSOLUTE
    ../clib/libinit.s                        0x00000000   Number         0  libinit2.o ABSOLUTE
    ../clib/locale.s                         0x00000000   Number         0  lc_numeric_c.o ABSOLUTE
    ../clib/longlong.s                       0x00000000   Number         0  lludiv10.o ABSOLUTE
    ../clib/memcpset.s                       0x00000000   Number         0  rt_memclr_w.o ABSOLUTE
    ../clib/memcpset.s                       0x00000000   Number         0  strcmpv7m.o ABSOLUTE
    ../clib/misc.s                           0x00000000   Number         0  printf_stubs.o ABSOLUTE
    ../clib/printf.c                         0x00000000   Number         0  _printf_fp_infnan.o ABSOLUTE
    ../clib/printf.c                         0x00000000   Number         0  __printf_flags.o ABSOLUTE
    ../clib/printf.c                         0x00000000   Number         0  _printf_char_common.o ABSOLUTE
    ../clib/printf.c                         0x00000000   Number         0  _printf_hex_ll_ptr.o ABSOLUTE
    ../clib/printf.c                         0x00000000   Number         0  __printf_ss.o ABSOLUTE
    ../clib/printf.c                         0x00000000   Number         0  _printf_hex_ptr.o ABSOLUTE
    ../clib/printf.c                         0x00000000   Number         0  _printf_hex_int_ll.o ABSOLUTE
    ../clib/printf.c                         0x00000000   Number         0  __printf_flags_ss.o ABSOLUTE
    ../clib/printf.c                         0x00000000   Number         0  noretval__2printf.o ABSOLUTE
    ../clib/printf.c                         0x00000000   Number         0  __2printf.o ABSOLUTE
    ../clib/printf.c                         0x00000000   Number         0  _printf_char_file.o ABSOLUTE
    ../clib/printf.c                         0x00000000   Number         0  _printf_fp_dec.o ABSOLUTE
    ../clib/printf.c                         0x00000000   Number         0  _printf_intcommon.o ABSOLUTE
    ../clib/printf.c                         0x00000000   Number         0  __printf.o ABSOLUTE
    ../clib/printf.c                         0x00000000   Number         0  __printf_flags_wp.o ABSOLUTE
    ../clib/printf.c                         0x00000000   Number         0  _printf_hex_ll.o ABSOLUTE
    ../clib/printf.c                         0x00000000   Number         0  __printf_nopercent.o ABSOLUTE
    ../clib/printf.c                         0x00000000   Number         0  __printf_ss_wp.o ABSOLUTE
    ../clib/printf.c                         0x00000000   Number         0  __printf_flags_ss_wp.o ABSOLUTE
    ../clib/printf.c                         0x00000000   Number         0  _printf_hex_int.o ABSOLUTE
    ../clib/printf.c                         0x00000000   Number         0  _printf_hex_int_ll_ptr.o ABSOLUTE
    ../clib/printf.c                         0x00000000   Number         0  _printf_dec.o ABSOLUTE
    ../clib/printf.c                         0x00000000   Number         0  __printf_wp.o ABSOLUTE
    ../clib/printf.c                         0x00000000   Number         0  _printf_hex_int_ptr.o ABSOLUTE
    ../clib/printf.c                         0x00000000   Number         0  _printf_pad.o ABSOLUTE
    ../clib/printf_percent.s                 0x00000000   Number         0  _printf_percent_end.o ABSOLUTE
    ../clib/printf_percent.s                 0x00000000   Number         0  _printf_percent.o ABSOLUTE
    ../clib/printf_percent.s                 0x00000000   Number         0  _printf_f.o ABSOLUTE
    ../clib/printf_percent.s                 0x00000000   Number         0  _printf_x.o ABSOLUTE
    ../clib/printf_percent.s                 0x00000000   Number         0  _printf_d.o ABSOLUTE
    ../clib/signal.c                         0x00000000   Number         0  defsig_rtred_inner.o ABSOLUTE
    ../clib/signal.c                         0x00000000   Number         0  defsig_rtmem_inner.o ABSOLUTE
    ../clib/signal.c                         0x00000000   Number         0  defsig_exit.o ABSOLUTE
    ../clib/signal.c                         0x00000000   Number         0  defsig_abrt_inner.o ABSOLUTE
    ../clib/signal.c                         0x00000000   Number         0  defsig_segv_inner.o ABSOLUTE
    ../clib/signal.c                         0x00000000   Number         0  defsig_pvfn_inner.o ABSOLUTE
    ../clib/signal.c                         0x00000000   Number         0  defsig_fpe_inner.o ABSOLUTE
    ../clib/signal.c                         0x00000000   Number         0  defsig_rtmem_outer.o ABSOLUTE
    ../clib/signal.c                         0x00000000   Number         0  defsig_other.o ABSOLUTE
    ../clib/signal.c                         0x00000000   Number         0  defsig_rtmem_formal.o ABSOLUTE
    ../clib/signal.c                         0x00000000   Number         0  defsig_cppl_inner.o ABSOLUTE
    ../clib/signal.c                         0x00000000   Number         0  defsig_stak_inner.o ABSOLUTE
    ../clib/signal.c                         0x00000000   Number         0  defsig_general.o ABSOLUTE
    ../clib/signal.c                         0x00000000   Number         0  __raise.o ABSOLUTE
    ../clib/signal.s                         0x00000000   Number         0  defsig.o ABSOLUTE
    ../clib/stdio.c                          0x00000000   Number         0  ferror_locked.o ABSOLUTE
    ../clib/stdio.c                          0x00000000   Number         0  ferror.o ABSOLUTE
    ../clib/stdlib.c                         0x00000000   Number         0  exit.o ABSOLUTE
    ../fplib/daddsub.s                       0x00000000   Number         0  daddsub_clz.o ABSOLUTE
    ../fplib/dcmpi.s                         0x00000000   Number         0  dcmpi.o ABSOLUTE
    ../fplib/ddiv.s                          0x00000000   Number         0  ddiv.o ABSOLUTE
    ../fplib/deqf.s                          0x00000000   Number         0  deqf.o ABSOLUTE
    ../fplib/dflt.s                          0x00000000   Number         0  dflt_clz.o ABSOLUTE
    ../fplib/dleqf.s                         0x00000000   Number         0  dleqf.o ABSOLUTE
    ../fplib/dmul.s                          0x00000000   Number         0  dmul.o ABSOLUTE
    ../fplib/dnaninf.s                       0x00000000   Number         0  dnaninf.o ABSOLUTE
    ../fplib/dretinf.s                       0x00000000   Number         0  dretinf.o ABSOLUTE
    ../fplib/drleqf.s                        0x00000000   Number         0  drleqf.o ABSOLUTE
    ../fplib/fpinit.s                        0x00000000   Number         0  fpinit.o ABSOLUTE
    ../fplib/istatus.s                       0x00000000   Number         0  istatus.o ABSOLUTE
    ../fplib/printf1.s                       0x00000000   Number         0  printf1.o ABSOLUTE
    ../fplib/usenofp.s                       0x00000000   Number         0  usenofp.o ABSOLUTE
    ../mathlib/fpclassify.c                  0x00000000   Number         0  fpclassify.o ABSOLUTE
    C:\Users\Admin\AppData\Local\Arm\Packs\Keil\STM32F1xx_DFP\2.3.0\Device\StdPeriph_Driver\src\misc.c 0x00000000   Number         0  misc.o ABSOLUTE
    C:\Users\Admin\AppData\Local\Arm\Packs\Keil\STM32F1xx_DFP\2.3.0\Device\StdPeriph_Driver\src\stm32f10x_exti.c 0x00000000   Number         0  stm32f10x_exti.o ABSOLUTE
    C:\Users\Admin\AppData\Local\Arm\Packs\Keil\STM32F1xx_DFP\2.3.0\Device\StdPeriph_Driver\src\stm32f10x_gpio.c 0x00000000   Number         0  stm32f10x_gpio.o ABSOLUTE
    C:\Users\Admin\AppData\Local\Arm\Packs\Keil\STM32F1xx_DFP\2.3.0\Device\StdPeriph_Driver\src\stm32f10x_rcc.c 0x00000000   Number         0  stm32f10x_rcc.o ABSOLUTE
    C:\Users\Admin\AppData\Local\Arm\Packs\Keil\STM32F1xx_DFP\2.3.0\Device\StdPeriph_Driver\src\stm32f10x_spi.c 0x00000000   Number         0  stm32f10x_spi.o ABSOLUTE
    C:\Users\Admin\AppData\Local\Arm\Packs\Keil\STM32F1xx_DFP\2.3.0\Device\StdPeriph_Driver\src\stm32f10x_tim.c 0x00000000   Number         0  stm32f10x_tim.o ABSOLUTE
    C:\Users\Admin\AppData\Local\Arm\Packs\Keil\STM32F1xx_DFP\2.3.0\Device\StdPeriph_Driver\src\stm32f10x_usart.c 0x00000000   Number         0  stm32f10x_usart.o ABSOLUTE
    C:\\Users\\Admin\\AppData\\Local\\Arm\\Packs\\Keil\\STM32F1xx_DFP\\2.3.0\\Device\\StdPeriph_Driver\\src\\misc.c 0x00000000   Number         0  misc.o ABSOLUTE
    C:\\Users\\Admin\\AppData\\Local\\Arm\\Packs\\Keil\\STM32F1xx_DFP\\2.3.0\\Device\\StdPeriph_Driver\\src\\stm32f10x_exti.c 0x00000000   Number         0  stm32f10x_exti.o ABSOLUTE
    C:\\Users\\Admin\\AppData\\Local\\Arm\\Packs\\Keil\\STM32F1xx_DFP\\2.3.0\\Device\\StdPeriph_Driver\\src\\stm32f10x_gpio.c 0x00000000   Number         0  stm32f10x_gpio.o ABSOLUTE
    C:\\Users\\Admin\\AppData\\Local\\Arm\\Packs\\Keil\\STM32F1xx_DFP\\2.3.0\\Device\\StdPeriph_Driver\\src\\stm32f10x_rcc.c 0x00000000   Number         0  stm32f10x_rcc.o ABSOLUTE
    C:\\Users\\Admin\\AppData\\Local\\Arm\\Packs\\Keil\\STM32F1xx_DFP\\2.3.0\\Device\\StdPeriph_Driver\\src\\stm32f10x_spi.c 0x00000000   Number         0  stm32f10x_spi.o ABSOLUTE
    C:\\Users\\Admin\\AppData\\Local\\Arm\\Packs\\Keil\\STM32F1xx_DFP\\2.3.0\\Device\\StdPeriph_Driver\\src\\stm32f10x_tim.c 0x00000000   Number         0  stm32f10x_tim.o ABSOLUTE
    C:\\Users\\Admin\\AppData\\Local\\Arm\\Packs\\Keil\\STM32F1xx_DFP\\2.3.0\\Device\\StdPeriph_Driver\\src\\stm32f10x_usart.c 0x00000000   Number         0  stm32f10x_usart.o ABSOLUTE
    OneWire\OneWire.c                        0x00000000   Number         0  onewire.o ABSOLUTE
    OneWire\\OneWire.c                       0x00000000   Number         0  onewire.o ABSOLUTE
    RTE\Device\STM32F103C8\startup_stm32f10x_md.s 0x00000000   Number         0  startup_stm32f10x_md.o ABSOLUTE
    RTE\Device\STM32F103C8\system_stm32f10x.c 0x00000000   Number         0  system_stm32f10x.o ABSOLUTE
    RTE\\Device\\STM32F103C8\\system_stm32f10x.c 0x00000000   Number         0  system_stm32f10x.o ABSOLUTE
    dc.s                                     0x00000000   Number         0  dc.o ABSOLUTE
    main.c                                   0x00000000   Number         0  main.o ABSOLUTE
    main.c                                   0x00000000   Number         0  main.o ABSOLUTE
    RESET                                    0x08000000   Section      236  startup_stm32f10x_md.o(RESET)
    !!!main                                  0x080000ec   Section        8  __main.o(!!!main)
    !!!scatter                               0x080000f4   Section       52  __scatter.o(!!!scatter)
    !!handler_copy                           0x08000128   Section       26  __scatter_copy.o(!!handler_copy)
    !!handler_zi                             0x08000144   Section       28  __scatter_zi.o(!!handler_zi)
    .ARM.Collect$$_printf_percent$$00000000  0x08000160   Section        0  _printf_percent.o(.ARM.Collect$$_printf_percent$$00000000)
    .ARM.Collect$$_printf_percent$$00000003  0x08000160   Section        6  _printf_f.o(.ARM.Collect$$_printf_percent$$00000003)
    .ARM.Collect$$_printf_percent$$00000009  0x08000166   Section        6  _printf_d.o(.ARM.Collect$$_printf_percent$$00000009)
    .ARM.Collect$$_printf_percent$$0000000C  0x0800016c   Section        6  _printf_x.o(.ARM.Collect$$_printf_percent$$0000000C)
    .ARM.Collect$$_printf_percent$$00000017  0x08000172   Section        4  _printf_percent_end.o(.ARM.Collect$$_printf_percent$$00000017)
    .ARM.Collect$$libinit$$00000000          0x08000176   Section        2  libinit.o(.ARM.Collect$$libinit$$00000000)
    .ARM.Collect$$libinit$$00000002          0x08000178   Section        0  libinit2.o(.ARM.Collect$$libinit$$00000002)
    .ARM.Collect$$libinit$$00000004          0x08000178   Section        0  libinit2.o(.ARM.Collect$$libinit$$00000004)
    .ARM.Collect$$libinit$$0000000A          0x08000178   Section        0  libinit2.o(.ARM.Collect$$libinit$$0000000A)
    .ARM.Collect$$libinit$$0000000C          0x08000178   Section        0  libinit2.o(.ARM.Collect$$libinit$$0000000C)
    .ARM.Collect$$libinit$$0000000E          0x08000178   Section        0  libinit2.o(.ARM.Collect$$libinit$$0000000E)
    .ARM.Collect$$libinit$$0000000F          0x08000178   Section        6  libinit2.o(.ARM.Collect$$libinit$$0000000F)
    .ARM.Collect$$libinit$$00000011          0x0800017e   Section        0  libinit2.o(.ARM.Collect$$libinit$$00000011)
    .ARM.Collect$$libinit$$00000013          0x0800017e   Section        0  libinit2.o(.ARM.Collect$$libinit$$00000013)
    .ARM.Collect$$libinit$$00000015          0x0800017e   Section        0  libinit2.o(.ARM.Collect$$libinit$$00000015)
    .ARM.Collect$$libinit$$00000016          0x0800017e   Section       10  libinit2.o(.ARM.Collect$$libinit$$00000016)
    .ARM.Collect$$libinit$$00000017          0x08000188   Section        0  libinit2.o(.ARM.Collect$$libinit$$00000017)
    .ARM.Collect$$libinit$$00000019          0x08000188   Section        0  libinit2.o(.ARM.Collect$$libinit$$00000019)
    .ARM.Collect$$libinit$$0000001B          0x08000188   Section        0  libinit2.o(.ARM.Collect$$libinit$$0000001B)
    .ARM.Collect$$libinit$$0000001D          0x08000188   Section        0  libinit2.o(.ARM.Collect$$libinit$$0000001D)
    .ARM.Collect$$libinit$$0000001F          0x08000188   Section        0  libinit2.o(.ARM.Collect$$libinit$$0000001F)
    .ARM.Collect$$libinit$$00000021          0x08000188   Section        0  libinit2.o(.ARM.Collect$$libinit$$00000021)
    .ARM.Collect$$libinit$$00000023          0x08000188   Section        0  libinit2.o(.ARM.Collect$$libinit$$00000023)
    .ARM.Collect$$libinit$$00000025          0x08000188   Section        0  libinit2.o(.ARM.Collect$$libinit$$00000025)
    .ARM.Collect$$libinit$$0000002C          0x08000188   Section        0  libinit2.o(.ARM.Collect$$libinit$$0000002C)
    .ARM.Collect$$libinit$$0000002E          0x08000188   Section        0  libinit2.o(.ARM.Collect$$libinit$$0000002E)
    .ARM.Collect$$libinit$$00000030          0x08000188   Section        0  libinit2.o(.ARM.Collect$$libinit$$00000030)
    .ARM.Collect$$libinit$$00000032          0x08000188   Section        0  libinit2.o(.ARM.Collect$$libinit$$00000032)
    .ARM.Collect$$libinit$$00000033          0x08000188   Section        2  libinit2.o(.ARM.Collect$$libinit$$00000033)
    .ARM.Collect$$libshutdown$$00000000      0x0800018a   Section        2  libshutdown.o(.ARM.Collect$$libshutdown$$00000000)
    .ARM.Collect$$libshutdown$$00000002      0x0800018c   Section        0  libshutdown2.o(.ARM.Collect$$libshutdown$$00000002)
    .ARM.Collect$$libshutdown$$00000004      0x0800018c   Section        0  libshutdown2.o(.ARM.Collect$$libshutdown$$00000004)
    .ARM.Collect$$libshutdown$$00000006      0x0800018c   Section        0  libshutdown2.o(.ARM.Collect$$libshutdown$$00000006)
    .ARM.Collect$$libshutdown$$00000009      0x0800018c   Section        0  libshutdown2.o(.ARM.Collect$$libshutdown$$00000009)
    .ARM.Collect$$libshutdown$$0000000C      0x0800018c   Section        0  libshutdown2.o(.ARM.Collect$$libshutdown$$0000000C)
    .ARM.Collect$$libshutdown$$0000000E      0x0800018c   Section        0  libshutdown2.o(.ARM.Collect$$libshutdown$$0000000E)
    .ARM.Collect$$libshutdown$$00000011      0x0800018c   Section        0  libshutdown2.o(.ARM.Collect$$libshutdown$$00000011)
    .ARM.Collect$$libshutdown$$00000012      0x0800018c   Section        2  libshutdown2.o(.ARM.Collect$$libshutdown$$00000012)
    .ARM.Collect$$rtentry$$00000000          0x0800018e   Section        0  __rtentry.o(.ARM.Collect$$rtentry$$00000000)
    .ARM.Collect$$rtentry$$00000002          0x0800018e   Section        0  __rtentry2.o(.ARM.Collect$$rtentry$$00000002)
    .ARM.Collect$$rtentry$$00000004          0x0800018e   Section        6  __rtentry4.o(.ARM.Collect$$rtentry$$00000004)
    .ARM.Collect$$rtentry$$00000009          0x08000194   Section        0  __rtentry2.o(.ARM.Collect$$rtentry$$00000009)
    .ARM.Collect$$rtentry$$0000000A          0x08000194   Section        4  __rtentry2.o(.ARM.Collect$$rtentry$$0000000A)
    .ARM.Collect$$rtentry$$0000000C          0x08000198   Section        0  __rtentry2.o(.ARM.Collect$$rtentry$$0000000C)
    .ARM.Collect$$rtentry$$0000000D          0x08000198   Section        8  __rtentry2.o(.ARM.Collect$$rtentry$$0000000D)
    .ARM.Collect$$rtexit$$00000000           0x080001a0   Section        2  rtexit.o(.ARM.Collect$$rtexit$$00000000)
    .ARM.Collect$$rtexit$$00000002           0x080001a2   Section        0  rtexit2.o(.ARM.Collect$$rtexit$$00000002)
    .ARM.Collect$$rtexit$$00000003           0x080001a2   Section        4  rtexit2.o(.ARM.Collect$$rtexit$$00000003)
    .ARM.Collect$$rtexit$$00000004           0x080001a6   Section        6  rtexit2.o(.ARM.Collect$$rtexit$$00000004)
    .text                                    0x080001ac   Section       64  startup_stm32f10x_md.o(.text)
    .text                                    0x080001ec   Section        0  noretval__2printf.o(.text)
    .text                                    0x08000204   Section        0  _printf_pad.o(.text)
    .text                                    0x08000254   Section        0  _printf_dec.o(.text)
    .text                                    0x080002cc   Section        0  _printf_hex_int.o(.text)
    .text                                    0x08000324   Section        0  __printf_flags_wp.o(.text)
    .text                                    0x0800045c   Section       78  rt_memclr_w.o(.text)
    .text                                    0x080004aa   Section        0  heapauxi.o(.text)
    .text                                    0x080004b0   Section        0  _printf_intcommon.o(.text)
    .text                                    0x08000562   Section        0  _printf_fp_dec.o(.text)
    _fp_digits                               0x08000565   Thumb Code   432  _printf_fp_dec.o(.text)
    .text                                    0x08000980   Section        0  _printf_char_file.o(.text)
    .text                                    0x080009a4   Section        8  rt_locale_intlibspace.o(.text)
    .text                                    0x080009ac   Section      138  lludiv10.o(.text)
    .text                                    0x08000a38   Section        0  _printf_char_common.o(.text)
    _printf_input_char                       0x08000a39   Thumb Code    10  _printf_char_common.o(.text)
    .text                                    0x08000a68   Section        0  _printf_fp_infnan.o(.text)
    .text                                    0x08000ae8   Section        0  bigflt0.o(.text)
    .text                                    0x08000bcc   Section        0  ferror.o(.text)
    .text                                    0x08000bd4   Section        8  libspace.o(.text)
    .text                                    0x08000bdc   Section       74  sys_stackheap_outer.o(.text)
    .text                                    0x08000c26   Section        0  exit.o(.text)
    .text                                    0x08000c38   Section      128  strcmpv7m.o(.text)
    .text                                    0x08000cb8   Section        0  sys_exit.o(.text)
    .text                                    0x08000cc4   Section        2  use_no_semi.o(.text)
    .text                                    0x08000cc6   Section        0  indicate_semi.o(.text)
    CL$$btod_d2e                             0x08000cc6   Section       62  btod.o(CL$$btod_d2e)
    CL$$btod_d2e_denorm_low                  0x08000d04   Section       70  btod.o(CL$$btod_d2e_denorm_low)
    CL$$btod_d2e_norm_op1                    0x08000d4a   Section       96  btod.o(CL$$btod_d2e_norm_op1)
    CL$$btod_div_common                      0x08000daa   Section      824  btod.o(CL$$btod_div_common)
    CL$$btod_e2e                             0x080010e2   Section      220  btod.o(CL$$btod_e2e)
    CL$$btod_ediv                            0x080011be   Section       42  btod.o(CL$$btod_ediv)
    CL$$btod_emul                            0x080011e8   Section       42  btod.o(CL$$btod_emul)
    CL$$btod_mult_common                     0x08001212   Section      580  btod.o(CL$$btod_mult_common)
    i.GPIO_Init                              0x08001456   Section        0  stm32f10x_gpio.o(i.GPIO_Init)
    i.GPIO_SetBits                           0x0800156c   Section        0  stm32f10x_gpio.o(i.GPIO_SetBits)
    i.NVIC_Init                              0x08001570   Section        0  misc.o(i.NVIC_Init)
    i.RCC_APB2PeriphClockCmd                 0x080015e0   Section        0  stm32f10x_rcc.o(i.RCC_APB2PeriphClockCmd)
    i.RCC_GetClocksFreq                      0x08001600   Section        0  stm32f10x_rcc.o(i.RCC_GetClocksFreq)
    i.SetSysClock                            0x080016d4   Section        0  system_stm32f10x.o(i.SetSysClock)
    SetSysClock                              0x080016d5   Thumb Code     8  system_stm32f10x.o(i.SetSysClock)
    i.SetSysClockToHSE                       0x080016dc   Section        0  system_stm32f10x.o(i.SetSysClockToHSE)
    SetSysClockToHSE                         0x080016dd   Thumb Code   160  system_stm32f10x.o(i.SetSysClockToHSE)
    i.SystemInit                             0x08001784   Section        0  system_stm32f10x.o(i.SystemInit)
    i.USART1_IRQHandler                      0x080017e4   Section        0  main.o(i.USART1_IRQHandler)
    i.USART_Cmd                              0x080017ec   Section        0  stm32f10x_usart.o(i.USART_Cmd)
    i.USART_GetFlagStatus                    0x08001804   Section        0  stm32f10x_usart.o(i.USART_GetFlagStatus)
    i.USART_HalfDuplexCmd                    0x0800181e   Section        0  stm32f10x_usart.o(i.USART_HalfDuplexCmd)
    i.USART_ITConfig                         0x08001836   Section        0  stm32f10x_usart.o(i.USART_ITConfig)
    i.USART_Init                             0x08001880   Section        0  stm32f10x_usart.o(i.USART_Init)
    i.USART_ReceiveData                      0x08001958   Section        0  stm32f10x_usart.o(i.USART_ReceiveData)
    i.USART_SendData                         0x08001962   Section        0  stm32f10x_usart.o(i.USART_SendData)
    i.__ARM_fpclassify                       0x0800196a   Section        0  fpclassify.o(i.__ARM_fpclassify)
    i._is_digit                              0x08001992   Section        0  __printf_wp.o(i._is_digit)
    i.board_led_ini                          0x080019a0   Section        0  main.o(i.board_led_ini)
    i.bubble_sort                            0x080019d8   Section        0  main.o(i.bubble_sort)
    i.byteToBits                             0x08001a3c   Section        0  onewire.o(i.byteToBits)
    i.check_mass                             0x08001a64   Section        0  main.o(i.check_mass)
    i.fputc                                  0x08001b00   Section        0  main.o(i.fputc)
    i.getUsartIndex                          0x08001b24   Section        0  onewire.o(i.getUsartIndex)
    i.get_ROMid                              0x08001b28   Section        0  main.o(i.get_ROMid)
    i.hasNextRom                             0x08001cfc   Section        0  onewire.o(i.hasNextRom)
    i.main                                   0x08001e18   Section        0  main.o(i.main)
    i.owCRC                                  0x080025b8   Section        0  onewire.o(i.owCRC)
    i.owCRC8                                 0x080025ee   Section        0  onewire.o(i.owCRC8)
    i.owConvertTemperatureCmd                0x080025fc   Section        0  onewire.o(i.owConvertTemperatureCmd)
    i.owEchoRead                             0x08002610   Section        0  onewire.o(i.owEchoRead)
    i.owInit                                 0x08002644   Section        0  onewire.o(i.owInit)
    i.owMatchRomCmd                          0x0800267e   Section        0  onewire.o(i.owMatchRomCmd)
    i.owReadHandler                          0x080026a0   Section        0  onewire.o(i.owReadHandler)
    i.owReadScratchpadCmd                    0x080026f8   Section        0  onewire.o(i.owReadScratchpadCmd)
    i.owReadSlot                             0x080027a2   Section        0  onewire.o(i.owReadSlot)
    i.owResetCmd                             0x080027b0   Section        0  onewire.o(i.owResetCmd)
    i.owSearchCmd                            0x080027d2   Section        0  onewire.o(i.owSearchCmd)
    i.owSend                                 0x08002804   Section        0  onewire.o(i.owSend)
    i.owSendByte                             0x0800283c   Section        0  onewire.o(i.owSendByte)
    i.readTemperature                        0x0800285c   Section        0  onewire.o(i.readTemperature)
    i.usart_enable_halfduplex                0x080028f0   Section        0  onewire.o(i.usart_enable_halfduplex)
    i.usart_gpio_setup                       0x08002900   Section        0  main.o(i.usart_gpio_setup)
    i.usart_setup_                           0x08002930   Section        0  onewire.o(i.usart_setup_)
    locale$$code                             0x080029a8   Section       44  lc_numeric_c.o(locale$$code)
    x$fpl$dadd                               0x080029d4   Section      336  daddsub_clz.o(x$fpl$dadd)
    _dadd1                                   0x080029e5   Thumb Code     0  daddsub_clz.o(x$fpl$dadd)
    x$fpl$dcmpinf                            0x08002b24   Section       24  dcmpi.o(x$fpl$dcmpinf)
    x$fpl$ddiv                               0x08002b3c   Section      688  ddiv.o(x$fpl$ddiv)
    ddiv_entry                               0x08002b43   Thumb Code     0  ddiv.o(x$fpl$ddiv)
    x$fpl$deqf                               0x08002dec   Section      120  deqf.o(x$fpl$deqf)
    x$fpl$dflt                               0x08002e64   Section       46  dflt_clz.o(x$fpl$dflt)
    x$fpl$dfltu                              0x08002e92   Section       38  dflt_clz.o(x$fpl$dfltu)
    x$fpl$dleqf                              0x08002eb8   Section      120  dleqf.o(x$fpl$dleqf)
    x$fpl$dmul                               0x08002f30   Section      340  dmul.o(x$fpl$dmul)
    x$fpl$dnaninf                            0x08003084   Section      156  dnaninf.o(x$fpl$dnaninf)
    x$fpl$dretinf                            0x08003120   Section       12  dretinf.o(x$fpl$dretinf)
    x$fpl$drleqf                             0x0800312c   Section      108  drleqf.o(x$fpl$drleqf)
    x$fpl$dsub                               0x08003198   Section      468  daddsub_clz.o(x$fpl$dsub)
    _dsub1                                   0x080031a9   Thumb Code     0  daddsub_clz.o(x$fpl$dsub)
    x$fpl$printf1                            0x0800336c   Section        4  printf1.o(x$fpl$printf1)
    .constdata                               0x08003370   Section       40  _printf_hex_int.o(.constdata)
    x$fpl$usenofp                            0x08003370   Section        0  usenofp.o(x$fpl$usenofp)
    uc_hextab                                0x08003370   Data          20  _printf_hex_int.o(.constdata)
    lc_hextab                                0x08003384   Data          20  _printf_hex_int.o(.constdata)
    .constdata                               0x08003398   Section       17  __printf_flags_wp.o(.constdata)
    maptable                                 0x08003398   Data          17  __printf_flags_wp.o(.constdata)
    .constdata                               0x080033ac   Section      148  bigflt0.o(.constdata)
    tenpwrs_x                                0x080033ac   Data          60  bigflt0.o(.constdata)
    tenpwrs_i                                0x080033e8   Data          64  bigflt0.o(.constdata)
    locale$$data                             0x08003460   Section       28  lc_numeric_c.o(locale$$data)
    __lcnum_c_name                           0x08003464   Data           2  lc_numeric_c.o(locale$$data)
    __lcnum_c_start                          0x0800346c   Data           0  lc_numeric_c.o(locale$$data)
    __lcnum_c_point                          0x08003478   Data           0  lc_numeric_c.o(locale$$data)
    __lcnum_c_thousands                      0x0800347a   Data           0  lc_numeric_c.o(locale$$data)
    __lcnum_c_grouping                       0x0800347b   Data           0  lc_numeric_c.o(locale$$data)
    __lcnum_c_end                            0x0800347c   Data           0  lc_numeric_c.o(locale$$data)
    .data                                    0x20000000   Section       28  main.o(.data)
    .data                                    0x2000001c   Section        1  onewire.o(.data)
    .data                                    0x2000001d   Section       20  stm32f10x_rcc.o(.data)
    APBAHBPrescTable                         0x2000001d   Data          16  stm32f10x_rcc.o(.data)
    ADCPrescTable                            0x2000002d   Data           4  stm32f10x_rcc.o(.data)
    .bss                                     0x20000034   Section       60  main.o(.bss)
    .bss                                     0x20000070   Section       10  onewire.o(.bss)
    .bss                                     0x2000007c   Section       96  libspace.o(.bss)
    HEAP                                     0x200000e0   Section      512  startup_stm32f10x_md.o(HEAP)
    Heap_Mem                                 0x200000e0   Data         512  startup_stm32f10x_md.o(HEAP)
    STACK                                    0x200002e0   Section     1024  startup_stm32f10x_md.o(STACK)
    Stack_Mem                                0x200002e0   Data        1024  startup_stm32f10x_md.o(STACK)
    __initial_sp                             0x200006e0   Data           0  startup_stm32f10x_md.o(STACK)

    Global Symbols

    Symbol Name                              Value     Ov Type        Size  Object(Section)

    BuildAttributes$$THM_ISAv4$P$D$K$B$S$PE$A:L22UL41UL21$X:L11$S22US41US21$IEEE1$IW$USESV6$~STKCKD$USESV7$~SHL$OTIME$ROPI$IEEEJ$EBA8$UX$STANDARDLIB$REQ8$PRES8$EABIv2 0x00000000   Number         0  anon$$obj.o ABSOLUTE
    __ARM_use_no_argv                        0x00000000   Number         0  main.o ABSOLUTE
    _printf_flags                            0x00000000   Number         0  printf_stubs.o ABSOLUTE
    _printf_return_value                     0x00000000   Number         0  printf_stubs.o ABSOLUTE
    _printf_sizespec                         0x00000000   Number         0  printf_stubs.o ABSOLUTE
    _printf_widthprec                        0x00000000   Number         0  printf_stubs.o ABSOLUTE
    __ARM_exceptions_init                     - Undefined Weak Reference
    __alloca_initialize                       - Undefined Weak Reference
    __arm_fini_                               - Undefined Weak Reference
    __arm_preinit_                            - Undefined Weak Reference
    __cpp_initialize__aeabi_                  - Undefined Weak Reference
    __cxa_finalize                            - Undefined Weak Reference
    __sigvec_lookup                           - Undefined Weak Reference
    _atexit_init                              - Undefined Weak Reference
    _call_atexit_fns                          - Undefined Weak Reference
    _clock_init                               - Undefined Weak Reference
    _fp_trap_init                             - Undefined Weak Reference
    _fp_trap_shutdown                         - Undefined Weak Reference
    _get_lc_collate                           - Undefined Weak Reference
    _get_lc_ctype                             - Undefined Weak Reference
    _get_lc_monetary                          - Undefined Weak Reference
    _get_lc_time                              - Undefined Weak Reference
    _getenv_init                              - Undefined Weak Reference
    _handle_redirection                       - Undefined Weak Reference
    _init_alloc                               - Undefined Weak Reference
    _init_user_alloc                          - Undefined Weak Reference
    _initio                                   - Undefined Weak Reference
    _mutex_acquire                            - Undefined Weak Reference
    _mutex_release                            - Undefined Weak Reference
    _printf_truncate_signed                   - Undefined Weak Reference
    _printf_truncate_unsigned                 - Undefined Weak Reference
    _rand_init                                - Undefined Weak Reference
    _signal_finish                            - Undefined Weak Reference
    _signal_init                              - Undefined Weak Reference
    _terminate_alloc                          - Undefined Weak Reference
    _terminate_user_alloc                     - Undefined Weak Reference
    _terminateio                              - Undefined Weak Reference
    __Vectors_Size                           0x000000ec   Number         0  startup_stm32f10x_md.o ABSOLUTE
    __Vectors                                0x08000000   Data           4  startup_stm32f10x_md.o(RESET)
    __Vectors_End                            0x080000ec   Data           0  startup_stm32f10x_md.o(RESET)
    __main                                   0x080000ed   Thumb Code     8  __main.o(!!!main)
    __scatterload                            0x080000f5   Thumb Code     0  __scatter.o(!!!scatter)
    __scatterload_rt2                        0x080000f5   Thumb Code    44  __scatter.o(!!!scatter)
    __scatterload_rt2_thumb_only             0x080000f5   Thumb Code     0  __scatter.o(!!!scatter)
    __scatterload_null                       0x08000103   Thumb Code     0  __scatter.o(!!!scatter)
    __scatterload_copy                       0x08000129   Thumb Code    26  __scatter_copy.o(!!handler_copy)
    __scatterload_zeroinit                   0x08000145   Thumb Code    28  __scatter_zi.o(!!handler_zi)
    _printf_f                                0x08000161   Thumb Code     0  _printf_f.o(.ARM.Collect$$_printf_percent$$00000003)
    _printf_percent                          0x08000161   Thumb Code     0  _printf_percent.o(.ARM.Collect$$_printf_percent$$00000000)
    _printf_d                                0x08000167   Thumb Code     0  _printf_d.o(.ARM.Collect$$_printf_percent$$00000009)
    _printf_x                                0x0800016d   Thumb Code     0  _printf_x.o(.ARM.Collect$$_printf_percent$$0000000C)
    _printf_percent_end                      0x08000173   Thumb Code     0  _printf_percent_end.o(.ARM.Collect$$_printf_percent$$00000017)
    __rt_lib_init                            0x08000177   Thumb Code     0  libinit.o(.ARM.Collect$$libinit$$00000000)
    __rt_lib_init_fp_1                       0x08000179   Thumb Code     0  libinit2.o(.ARM.Collect$$libinit$$00000002)
    __rt_lib_init_heap_1                     0x08000179   Thumb Code     0  libinit2.o(.ARM.Collect$$libinit$$0000000A)
    __rt_lib_init_lc_common                  0x08000179   Thumb Code     0  libinit2.o(.ARM.Collect$$libinit$$0000000F)
    __rt_lib_init_preinit_1                  0x08000179   Thumb Code     0  libinit2.o(.ARM.Collect$$libinit$$00000004)
    __rt_lib_init_rand_1                     0x08000179   Thumb Code     0  libinit2.o(.ARM.Collect$$libinit$$0000000E)
    __rt_lib_init_user_alloc_1               0x08000179   Thumb Code     0  libinit2.o(.ARM.Collect$$libinit$$0000000C)
    __rt_lib_init_lc_collate_1               0x0800017f   Thumb Code     0  libinit2.o(.ARM.Collect$$libinit$$00000011)
    __rt_lib_init_lc_ctype_1                 0x0800017f   Thumb Code     0  libinit2.o(.ARM.Collect$$libinit$$00000013)
    __rt_lib_init_lc_monetary_1              0x0800017f   Thumb Code     0  libinit2.o(.ARM.Collect$$libinit$$00000015)
    __rt_lib_init_lc_numeric_2               0x0800017f   Thumb Code     0  libinit2.o(.ARM.Collect$$libinit$$00000016)
    __rt_lib_init_alloca_1                   0x08000189   Thumb Code     0  libinit2.o(.ARM.Collect$$libinit$$0000002E)
    __rt_lib_init_argv_1                     0x08000189   Thumb Code     0  libinit2.o(.ARM.Collect$$libinit$$0000002C)
    __rt_lib_init_atexit_1                   0x08000189   Thumb Code     0  libinit2.o(.ARM.Collect$$libinit$$0000001B)
    __rt_lib_init_clock_1                    0x08000189   Thumb Code     0  libinit2.o(.ARM.Collect$$libinit$$00000021)
    __rt_lib_init_cpp_1                      0x08000189   Thumb Code     0  libinit2.o(.ARM.Collect$$libinit$$00000032)
    __rt_lib_init_exceptions_1               0x08000189   Thumb Code     0  libinit2.o(.ARM.Collect$$libinit$$00000030)
    __rt_lib_init_fp_trap_1                  0x08000189   Thumb Code     0  libinit2.o(.ARM.Collect$$libinit$$0000001F)
    __rt_lib_init_getenv_1                   0x08000189   Thumb Code     0  libinit2.o(.ARM.Collect$$libinit$$00000023)
    __rt_lib_init_lc_numeric_1               0x08000189   Thumb Code     0  libinit2.o(.ARM.Collect$$libinit$$00000017)
    __rt_lib_init_lc_time_1                  0x08000189   Thumb Code     0  libinit2.o(.ARM.Collect$$libinit$$00000019)
    __rt_lib_init_return                     0x08000189   Thumb Code     0  libinit2.o(.ARM.Collect$$libinit$$00000033)
    __rt_lib_init_signal_1                   0x08000189   Thumb Code     0  libinit2.o(.ARM.Collect$$libinit$$0000001D)
    __rt_lib_init_stdio_1                    0x08000189   Thumb Code     0  libinit2.o(.ARM.Collect$$libinit$$00000025)
    __rt_lib_shutdown                        0x0800018b   Thumb Code     0  libshutdown.o(.ARM.Collect$$libshutdown$$00000000)
    __rt_lib_shutdown_cpp_1                  0x0800018d   Thumb Code     0  libshutdown2.o(.ARM.Collect$$libshutdown$$00000004)
    __rt_lib_shutdown_fini_1                 0x0800018d   Thumb Code     0  libshutdown2.o(.ARM.Collect$$libshutdown$$00000002)
    __rt_lib_shutdown_fp_trap_1              0x0800018d   Thumb Code     0  libshutdown2.o(.ARM.Collect$$libshutdown$$00000009)
    __rt_lib_shutdown_heap_1                 0x0800018d   Thumb Code     0  libshutdown2.o(.ARM.Collect$$libshutdown$$00000011)
    __rt_lib_shutdown_return                 0x0800018d   Thumb Code     0  libshutdown2.o(.ARM.Collect$$libshutdown$$00000012)
    __rt_lib_shutdown_signal_1               0x0800018d   Thumb Code     0  libshutdown2.o(.ARM.Collect$$libshutdown$$0000000C)
    __rt_lib_shutdown_stdio_1                0x0800018d   Thumb Code     0  libshutdown2.o(.ARM.Collect$$libshutdown$$00000006)
    __rt_lib_shutdown_user_alloc_1           0x0800018d   Thumb Code     0  libshutdown2.o(.ARM.Collect$$libshutdown$$0000000E)
    __rt_entry                               0x0800018f   Thumb Code     0  __rtentry.o(.ARM.Collect$$rtentry$$00000000)
    __rt_entry_presh_1                       0x0800018f   Thumb Code     0  __rtentry2.o(.ARM.Collect$$rtentry$$00000002)
    __rt_entry_sh                            0x0800018f   Thumb Code     0  __rtentry4.o(.ARM.Collect$$rtentry$$00000004)
    __rt_entry_li                            0x08000195   Thumb Code     0  __rtentry2.o(.ARM.Collect$$rtentry$$0000000A)
    __rt_entry_postsh_1                      0x08000195   Thumb Code     0  __rtentry2.o(.ARM.Collect$$rtentry$$00000009)
    __rt_entry_main                          0x08000199   Thumb Code     0  __rtentry2.o(.ARM.Collect$$rtentry$$0000000D)
    __rt_entry_postli_1                      0x08000199   Thumb Code     0  __rtentry2.o(.ARM.Collect$$rtentry$$0000000C)
    __rt_exit                                0x080001a1   Thumb Code     0  rtexit.o(.ARM.Collect$$rtexit$$00000000)
    __rt_exit_ls                             0x080001a3   Thumb Code     0  rtexit2.o(.ARM.Collect$$rtexit$$00000003)
    __rt_exit_prels_1                        0x080001a3   Thumb Code     0  rtexit2.o(.ARM.Collect$$rtexit$$00000002)
    __rt_exit_exit                           0x080001a7   Thumb Code     0  rtexit2.o(.ARM.Collect$$rtexit$$00000004)
    Reset_Handler                            0x080001ad   Thumb Code     8  startup_stm32f10x_md.o(.text)
    NMI_Handler                              0x080001b5   Thumb Code     2  startup_stm32f10x_md.o(.text)
    HardFault_Handler                        0x080001b7   Thumb Code     2  startup_stm32f10x_md.o(.text)
    MemManage_Handler                        0x080001b9   Thumb Code     2  startup_stm32f10x_md.o(.text)
    BusFault_Handler                         0x080001bb   Thumb Code     2  startup_stm32f10x_md.o(.text)
    UsageFault_Handler                       0x080001bd   Thumb Code     2  startup_stm32f10x_md.o(.text)
    SVC_Handler                              0x080001bf   Thumb Code     2  startup_stm32f10x_md.o(.text)
    DebugMon_Handler                         0x080001c1   Thumb Code     2  startup_stm32f10x_md.o(.text)
    PendSV_Handler                           0x080001c3   Thumb Code     2  startup_stm32f10x_md.o(.text)
    SysTick_Handler                          0x080001c5   Thumb Code     2  startup_stm32f10x_md.o(.text)
    ADC1_2_IRQHandler                        0x080001c7   Thumb Code     0  startup_stm32f10x_md.o(.text)
    CAN1_RX1_IRQHandler                      0x080001c7   Thumb Code     0  startup_stm32f10x_md.o(.text)
    CAN1_SCE_IRQHandler                      0x080001c7   Thumb Code     0  startup_stm32f10x_md.o(.text)
    DMA1_Channel1_IRQHandler                 0x080001c7   Thumb Code     0  startup_stm32f10x_md.o(.text)
    DMA1_Channel2_IRQHandler                 0x080001c7   Thumb Code     0  startup_stm32f10x_md.o(.text)
    DMA1_Channel3_IRQHandler                 0x080001c7   Thumb Code     0  startup_stm32f10x_md.o(.text)
    DMA1_Channel4_IRQHandler                 0x080001c7   Thumb Code     0  startup_stm32f10x_md.o(.text)
    DMA1_Channel5_IRQHandler                 0x080001c7   Thumb Code     0  startup_stm32f10x_md.o(.text)
    DMA1_Channel6_IRQHandler                 0x080001c7   Thumb Code     0  startup_stm32f10x_md.o(.text)
    DMA1_Channel7_IRQHandler                 0x080001c7   Thumb Code     0  startup_stm32f10x_md.o(.text)
    EXTI0_IRQHandler                         0x080001c7   Thumb Code     0  startup_stm32f10x_md.o(.text)
    EXTI15_10_IRQHandler                     0x080001c7   Thumb Code     0  startup_stm32f10x_md.o(.text)
    EXTI1_IRQHandler                         0x080001c7   Thumb Code     0  startup_stm32f10x_md.o(.text)
    EXTI2_IRQHandler                         0x080001c7   Thumb Code     0  startup_stm32f10x_md.o(.text)
    EXTI3_IRQHandler                         0x080001c7   Thumb Code     0  startup_stm32f10x_md.o(.text)
    EXTI4_IRQHandler                         0x080001c7   Thumb Code     0  startup_stm32f10x_md.o(.text)
    EXTI9_5_IRQHandler                       0x080001c7   Thumb Code     0  startup_stm32f10x_md.o(.text)
    FLASH_IRQHandler                         0x080001c7   Thumb Code     0  startup_stm32f10x_md.o(.text)
    I2C1_ER_IRQHandler                       0x080001c7   Thumb Code     0  startup_stm32f10x_md.o(.text)
    I2C1_EV_IRQHandler                       0x080001c7   Thumb Code     0  startup_stm32f10x_md.o(.text)
    I2C2_ER_IRQHandler                       0x080001c7   Thumb Code     0  startup_stm32f10x_md.o(.text)
    I2C2_EV_IRQHandler                       0x080001c7   Thumb Code     0  startup_stm32f10x_md.o(.text)
    PVD_IRQHandler                           0x080001c7   Thumb Code     0  startup_stm32f10x_md.o(.text)
    RCC_IRQHandler                           0x080001c7   Thumb Code     0  startup_stm32f10x_md.o(.text)
    RTCAlarm_IRQHandler                      0x080001c7   Thumb Code     0  startup_stm32f10x_md.o(.text)
    RTC_IRQHandler                           0x080001c7   Thumb Code     0  startup_stm32f10x_md.o(.text)
    SPI1_IRQHandler                          0x080001c7   Thumb Code     0  startup_stm32f10x_md.o(.text)
    SPI2_IRQHandler                          0x080001c7   Thumb Code     0  startup_stm32f10x_md.o(.text)
    TAMPER_IRQHandler                        0x080001c7   Thumb Code     0  startup_stm32f10x_md.o(.text)
    TIM1_BRK_IRQHandler                      0x080001c7   Thumb Code     0  startup_stm32f10x_md.o(.text)
    TIM1_CC_IRQHandler                       0x080001c7   Thumb Code     0  startup_stm32f10x_md.o(.text)
    TIM1_TRG_COM_IRQHandler                  0x080001c7   Thumb Code     0  startup_stm32f10x_md.o(.text)
    TIM1_UP_IRQHandler                       0x080001c7   Thumb Code     0  startup_stm32f10x_md.o(.text)
    TIM2_IRQHandler                          0x080001c7   Thumb Code     0  startup_stm32f10x_md.o(.text)
    TIM3_IRQHandler                          0x080001c7   Thumb Code     0  startup_stm32f10x_md.o(.text)
    TIM4_IRQHandler                          0x080001c7   Thumb Code     0  startup_stm32f10x_md.o(.text)
    USART2_IRQHandler                        0x080001c7   Thumb Code     0  startup_stm32f10x_md.o(.text)
    USART3_IRQHandler                        0x080001c7   Thumb Code     0  startup_stm32f10x_md.o(.text)
    USBWakeUp_IRQHandler                     0x080001c7   Thumb Code     0  startup_stm32f10x_md.o(.text)
    USB_HP_CAN1_TX_IRQHandler                0x080001c7   Thumb Code     0  startup_stm32f10x_md.o(.text)
    USB_LP_CAN1_RX0_IRQHandler               0x080001c7   Thumb Code     0  startup_stm32f10x_md.o(.text)
    WWDG_IRQHandler                          0x080001c7   Thumb Code     0  startup_stm32f10x_md.o(.text)
    __user_initial_stackheap                 0x080001c9   Thumb Code     0  startup_stm32f10x_md.o(.text)
    __2printf                                0x080001ed   Thumb Code    20  noretval__2printf.o(.text)
    _printf_pre_padding                      0x08000205   Thumb Code    44  _printf_pad.o(.text)
    _printf_post_padding                     0x08000231   Thumb Code    34  _printf_pad.o(.text)
    _printf_int_dec                          0x08000255   Thumb Code   104  _printf_dec.o(.text)
    _printf_int_hex                          0x080002cd   Thumb Code    84  _printf_hex_int.o(.text)
    _printf_longlong_hex                     0x080002cd   Thumb Code     0  _printf_hex_int.o(.text)
    __printf                                 0x08000325   Thumb Code   308  __printf_flags_wp.o(.text)
    __aeabi_memclr4                          0x0800045d   Thumb Code     0  rt_memclr_w.o(.text)
    __aeabi_memclr8                          0x0800045d   Thumb Code     0  rt_memclr_w.o(.text)
    __rt_memclr_w                            0x0800045d   Thumb Code    78  rt_memclr_w.o(.text)
    _memset_w                                0x08000461   Thumb Code     0  rt_memclr_w.o(.text)
    __use_two_region_memory                  0x080004ab   Thumb Code     2  heapauxi.o(.text)
    __rt_heap_escrow$2region                 0x080004ad   Thumb Code     2  heapauxi.o(.text)
    __rt_heap_expand$2region                 0x080004af   Thumb Code     2  heapauxi.o(.text)
    _printf_int_common                       0x080004b1   Thumb Code   178  _printf_intcommon.o(.text)
    __lib_sel_fp_printf                      0x08000563   Thumb Code     2  _printf_fp_dec.o(.text)
    _printf_fp_dec_real                      0x08000715   Thumb Code   620  _printf_fp_dec.o(.text)
    _printf_char_file                        0x08000981   Thumb Code    32  _printf_char_file.o(.text)
    __rt_locale                              0x080009a5   Thumb Code     8  rt_locale_intlibspace.o(.text)
    _ll_udiv10                               0x080009ad   Thumb Code   138  lludiv10.o(.text)
    _printf_char_common                      0x08000a43   Thumb Code    32  _printf_char_common.o(.text)
    _printf_fp_infnan                        0x08000a69   Thumb Code   112  _printf_fp_infnan.o(.text)
    _btod_etento                             0x08000ae9   Thumb Code   224  bigflt0.o(.text)
    ferror                                   0x08000bcd   Thumb Code     8  ferror.o(.text)
    __user_libspace                          0x08000bd5   Thumb Code     8  libspace.o(.text)
    __user_perproc_libspace                  0x08000bd5   Thumb Code     0  libspace.o(.text)
    __user_perthread_libspace                0x08000bd5   Thumb Code     0  libspace.o(.text)
    __user_setup_stackheap                   0x08000bdd   Thumb Code    74  sys_stackheap_outer.o(.text)
    exit                                     0x08000c27   Thumb Code    18  exit.o(.text)
    strcmp                                   0x08000c39   Thumb Code   128  strcmpv7m.o(.text)
    _sys_exit                                0x08000cb9   Thumb Code     8  sys_exit.o(.text)
    __I$use$semihosting                      0x08000cc5   Thumb Code     0  use_no_semi.o(.text)
    __use_no_semihosting_swi                 0x08000cc5   Thumb Code     2  use_no_semi.o(.text)
    __semihosting_library_function           0x08000cc7   Thumb Code     0  indicate_semi.o(.text)
    _btod_d2e                                0x08000cc7   Thumb Code    62  btod.o(CL$$btod_d2e)
    _d2e_denorm_low                          0x08000d05   Thumb Code    70  btod.o(CL$$btod_d2e_denorm_low)
    _d2e_norm_op1                            0x08000d4b   Thumb Code    96  btod.o(CL$$btod_d2e_norm_op1)
    __btod_div_common                        0x08000dab   Thumb Code   696  btod.o(CL$$btod_div_common)
    _e2e                                     0x080010e3   Thumb Code   220  btod.o(CL$$btod_e2e)
    _btod_ediv                               0x080011bf   Thumb Code    42  btod.o(CL$$btod_ediv)
    _btod_emul                               0x080011e9   Thumb Code    42  btod.o(CL$$btod_emul)
    __btod_mult_common                       0x08001213   Thumb Code   580  btod.o(CL$$btod_mult_common)
    GPIO_Init                                0x08001457   Thumb Code   278  stm32f10x_gpio.o(i.GPIO_Init)
    GPIO_SetBits                             0x0800156d   Thumb Code     4  stm32f10x_gpio.o(i.GPIO_SetBits)
    NVIC_Init                                0x08001571   Thumb Code   100  misc.o(i.NVIC_Init)
    RCC_APB2PeriphClockCmd                   0x080015e1   Thumb Code    26  stm32f10x_rcc.o(i.RCC_APB2PeriphClockCmd)
    RCC_GetClocksFreq                        0x08001601   Thumb Code   192  stm32f10x_rcc.o(i.RCC_GetClocksFreq)
    SystemInit                               0x08001785   Thumb Code    78  system_stm32f10x.o(i.SystemInit)
    USART1_IRQHandler                        0x080017e5   Thumb Code     8  main.o(i.USART1_IRQHandler)
    USART_Cmd                                0x080017ed   Thumb Code    24  stm32f10x_usart.o(i.USART_Cmd)
    USART_GetFlagStatus                      0x08001805   Thumb Code    26  stm32f10x_usart.o(i.USART_GetFlagStatus)
    USART_HalfDuplexCmd                      0x0800181f   Thumb Code    24  stm32f10x_usart.o(i.USART_HalfDuplexCmd)
    USART_ITConfig                           0x08001837   Thumb Code    74  stm32f10x_usart.o(i.USART_ITConfig)
    USART_Init                               0x08001881   Thumb Code   210  stm32f10x_usart.o(i.USART_Init)
    USART_ReceiveData                        0x08001959   Thumb Code    10  stm32f10x_usart.o(i.USART_ReceiveData)
    USART_SendData                           0x08001963   Thumb Code     8  stm32f10x_usart.o(i.USART_SendData)
    __ARM_fpclassify                         0x0800196b   Thumb Code    40  fpclassify.o(i.__ARM_fpclassify)
    _is_digit                                0x08001993   Thumb Code    14  __printf_wp.o(i._is_digit)
    board_led_ini                            0x080019a1   Thumb Code    50  main.o(i.board_led_ini)
    bubble_sort                              0x080019d9   Thumb Code   100  main.o(i.bubble_sort)
    byteToBits                               0x08001a3d   Thumb Code    38  onewire.o(i.byteToBits)
    check_mass                               0x08001a65   Thumb Code    86  main.o(i.check_mass)
    fputc                                    0x08001b01   Thumb Code    30  main.o(i.fputc)
    getUsartIndex                            0x08001b25   Thumb Code     4  onewire.o(i.getUsartIndex)
    get_ROMid                                0x08001b29   Thumb Code   262  main.o(i.get_ROMid)
    hasNextRom                               0x08001cfd   Thumb Code   284  onewire.o(i.hasNextRom)
    main                                     0x08001e19   Thumb Code  1888  main.o(i.main)
    owCRC                                    0x080025b9   Thumb Code    54  onewire.o(i.owCRC)
    owCRC8                                   0x080025ef   Thumb Code    14  onewire.o(i.owCRC8)
    owConvertTemperatureCmd                  0x080025fd   Thumb Code    20  onewire.o(i.owConvertTemperatureCmd)
    owEchoRead                               0x08002611   Thumb Code    44  onewire.o(i.owEchoRead)
    owInit                                   0x08002645   Thumb Code    58  onewire.o(i.owInit)
    owMatchRomCmd                            0x0800267f   Thumb Code    32  onewire.o(i.owMatchRomCmd)
    owReadHandler                            0x080026a1   Thumb Code    76  onewire.o(i.owReadHandler)
    owReadScratchpadCmd                      0x080026f9   Thumb Code   170  onewire.o(i.owReadScratchpadCmd)
    owReadSlot                               0x080027a3   Thumb Code    14  onewire.o(i.owReadSlot)
    owResetCmd                               0x080027b1   Thumb Code    34  onewire.o(i.owResetCmd)
    owSearchCmd                              0x080027d3   Thumb Code    48  onewire.o(i.owSearchCmd)
    owSend                                   0x08002805   Thumb Code    48  onewire.o(i.owSend)
    owSendByte                               0x0800283d   Thumb Code    32  onewire.o(i.owSendByte)
    readTemperature                          0x0800285d   Thumb Code   146  onewire.o(i.readTemperature)
    usart_enable_halfduplex                  0x080028f1   Thumb Code    12  onewire.o(i.usart_enable_halfduplex)
    usart_gpio_setup                         0x08002901   Thumb Code    42  main.o(i.usart_gpio_setup)
    usart_setup_                             0x08002931   Thumb Code   110  onewire.o(i.usart_setup_)
    _get_lc_numeric                          0x080029a9   Thumb Code    44  lc_numeric_c.o(locale$$code)
    __aeabi_dadd                             0x080029d5   Thumb Code     0  daddsub_clz.o(x$fpl$dadd)
    _dadd                                    0x080029d5   Thumb Code   332  daddsub_clz.o(x$fpl$dadd)
    __fpl_dcmp_Inf                           0x08002b25   Thumb Code    24  dcmpi.o(x$fpl$dcmpinf)
    __aeabi_ddiv                             0x08002b3d   Thumb Code     0  ddiv.o(x$fpl$ddiv)
    _ddiv                                    0x08002b3d   Thumb Code   552  ddiv.o(x$fpl$ddiv)
    __aeabi_cdcmpeq                          0x08002ded   Thumb Code     0  deqf.o(x$fpl$deqf)
    _dcmpeq                                  0x08002ded   Thumb Code   120  deqf.o(x$fpl$deqf)
    __aeabi_i2d                              0x08002e65   Thumb Code     0  dflt_clz.o(x$fpl$dflt)
    _dflt                                    0x08002e65   Thumb Code    46  dflt_clz.o(x$fpl$dflt)
    __aeabi_ui2d                             0x08002e93   Thumb Code     0  dflt_clz.o(x$fpl$dfltu)
    _dfltu                                   0x08002e93   Thumb Code    38  dflt_clz.o(x$fpl$dfltu)
    __aeabi_cdcmple                          0x08002eb9   Thumb Code     0  dleqf.o(x$fpl$dleqf)
    _dcmple                                  0x08002eb9   Thumb Code   120  dleqf.o(x$fpl$dleqf)
    __fpl_dcmple_InfNaN                      0x08002f1b   Thumb Code     0  dleqf.o(x$fpl$dleqf)
    __aeabi_dmul                             0x08002f31   Thumb Code     0  dmul.o(x$fpl$dmul)
    _dmul                                    0x08002f31   Thumb Code   332  dmul.o(x$fpl$dmul)
    __fpl_dnaninf                            0x08003085   Thumb Code   156  dnaninf.o(x$fpl$dnaninf)
    __fpl_dretinf                            0x08003121   Thumb Code    12  dretinf.o(x$fpl$dretinf)
    __aeabi_cdrcmple                         0x0800312d   Thumb Code     0  drleqf.o(x$fpl$drleqf)
    _drcmple                                 0x0800312d   Thumb Code   108  drleqf.o(x$fpl$drleqf)
    __aeabi_dsub                             0x08003199   Thumb Code     0  daddsub_clz.o(x$fpl$dsub)
    _dsub                                    0x08003199   Thumb Code   464  daddsub_clz.o(x$fpl$dsub)
    _printf_fp_dec                           0x0800336d   Thumb Code     4  printf1.o(x$fpl$printf1)
    __I$use$fp                               0x08003370   Number         0  usenofp.o(x$fpl$usenofp)
    Region$$Table$$Base                      0x08003440   Number         0  anon$$obj.o(Region$$Table)
    Region$$Table$$Limit                     0x08003460   Number         0  anon$$obj.o(Region$$Table)
    devices                                  0x20000000   Data           1  main.o(.data)
    pDelay                                   0x20000004   Data           4  main.o(.data)
    i                                        0x20000008   Data           4  main.o(.data)
    sensor                                   0x2000000c   Data           1  main.o(.data)
    __stdout                                 0x20000010   Data           4  main.o(.data)
    __stdin                                  0x20000014   Data           4  main.o(.data)
    crcOK                                    0x20000018   Data           4  main.o(.data)
    recvFlag                                 0x2000001c   Data           1  onewire.o(.data)
    ow                                       0x20000034   Data          60  main.o(.bss)
    rc_buffer                                0x20000070   Data          10  onewire.o(.bss)
    __libspace_start                         0x2000007c   Data          96  libspace.o(.bss)
    __temporary_stack_top$libspace           0x200000dc   Data           0  libspace.o(.bss)



==============================================================================

Memory Map of the image

  Image Entry point : 0x080001ad

  Load Region LR_1 (Base: 0x08000000, Size: 0x000034b0, Max: 0xffffffff, ABSOLUTE)

    Execution Region ER_RO (Exec base: 0x08000000, Load base: 0x08000000, Size: 0x0000347c, Max: 0xffffffff, ABSOLUTE)

    Exec Addr    Load Addr    Size         Type   Attr      Idx    E Section Name        Object

    0x08000000   0x08000000   0x000000ec   Data   RO         1665    RESET               startup_stm32f10x_md.o
    0x080000ec   0x080000ec   0x00000008   Code   RO         1777  * !!!main             c_w.l(__main.o)
    0x080000f4   0x080000f4   0x00000034   Code   RO         2027    !!!scatter          c_w.l(__scatter.o)
    0x08000128   0x08000128   0x0000001a   Code   RO         2029    !!handler_copy      c_w.l(__scatter_copy.o)
    0x08000142   0x08000142   0x00000002   PAD
    0x08000144   0x08000144   0x0000001c   Code   RO         2031    !!handler_zi        c_w.l(__scatter_zi.o)
    0x08000160   0x08000160   0x00000000   Code   RO         1772    .ARM.Collect$$_printf_percent$$00000000  c_w.l(_printf_percent.o)
    0x08000160   0x08000160   0x00000006   Code   RO         1771    .ARM.Collect$$_printf_percent$$00000003  c_w.l(_printf_f.o)
    0x08000166   0x08000166   0x00000006   Code   RO         1770    .ARM.Collect$$_printf_percent$$00000009  c_w.l(_printf_d.o)
    0x0800016c   0x0800016c   0x00000006   Code   RO         1769    .ARM.Collect$$_printf_percent$$0000000C  c_w.l(_printf_x.o)
    0x08000172   0x08000172   0x00000004   Code   RO         1812    .ARM.Collect$$_printf_percent$$00000017  c_w.l(_printf_percent_end.o)
    0x08000176   0x08000176   0x00000002   Code   RO         1898    .ARM.Collect$$libinit$$00000000  c_w.l(libinit.o)
    0x08000178   0x08000178   0x00000000   Code   RO         1900    .ARM.Collect$$libinit$$00000002  c_w.l(libinit2.o)
    0x08000178   0x08000178   0x00000000   Code   RO         1902    .ARM.Collect$$libinit$$00000004  c_w.l(libinit2.o)
    0x08000178   0x08000178   0x00000000   Code   RO         1905    .ARM.Collect$$libinit$$0000000A  c_w.l(libinit2.o)
    0x08000178   0x08000178   0x00000000   Code   RO         1907    .ARM.Collect$$libinit$$0000000C  c_w.l(libinit2.o)
    0x08000178   0x08000178   0x00000000   Code   RO         1909    .ARM.Collect$$libinit$$0000000E  c_w.l(libinit2.o)
    0x08000178   0x08000178   0x00000006   Code   RO         1910    .ARM.Collect$$libinit$$0000000F  c_w.l(libinit2.o)
    0x0800017e   0x0800017e   0x00000000   Code   RO         1912    .ARM.Collect$$libinit$$00000011  c_w.l(libinit2.o)
    0x0800017e   0x0800017e   0x00000000   Code   RO         1914    .ARM.Collect$$libinit$$00000013  c_w.l(libinit2.o)
    0x0800017e   0x0800017e   0x00000000   Code   RO         1916    .ARM.Collect$$libinit$$00000015  c_w.l(libinit2.o)
    0x0800017e   0x0800017e   0x0000000a   Code   RO         1917    .ARM.Collect$$libinit$$00000016  c_w.l(libinit2.o)
    0x08000188   0x08000188   0x00000000   Code   RO         1918    .ARM.Collect$$libinit$$00000017  c_w.l(libinit2.o)
    0x08000188   0x08000188   0x00000000   Code   RO         1920    .ARM.Collect$$libinit$$00000019  c_w.l(libinit2.o)
    0x08000188   0x08000188   0x00000000   Code   RO         1922    .ARM.Collect$$libinit$$0000001B  c_w.l(libinit2.o)
    0x08000188   0x08000188   0x00000000   Code   RO         1924    .ARM.Collect$$libinit$$0000001D  c_w.l(libinit2.o)
    0x08000188   0x08000188   0x00000000   Code   RO         1926    .ARM.Collect$$libinit$$0000001F  c_w.l(libinit2.o)
    0x08000188   0x08000188   0x00000000   Code   RO         1928    .ARM.Collect$$libinit$$00000021  c_w.l(libinit2.o)
    0x08000188   0x08000188   0x00000000   Code   RO         1930    .ARM.Collect$$libinit$$00000023  c_w.l(libinit2.o)
    0x08000188   0x08000188   0x00000000   Code   RO         1932    .ARM.Collect$$libinit$$00000025  c_w.l(libinit2.o)
    0x08000188   0x08000188   0x00000000   Code   RO         1936    .ARM.Collect$$libinit$$0000002C  c_w.l(libinit2.o)
    0x08000188   0x08000188   0x00000000   Code   RO         1938    .ARM.Collect$$libinit$$0000002E  c_w.l(libinit2.o)
    0x08000188   0x08000188   0x00000000   Code   RO         1940    .ARM.Collect$$libinit$$00000030  c_w.l(libinit2.o)
    0x08000188   0x08000188   0x00000000   Code   RO         1942    .ARM.Collect$$libinit$$00000032  c_w.l(libinit2.o)
    0x08000188   0x08000188   0x00000002   Code   RO         1943    .ARM.Collect$$libinit$$00000033  c_w.l(libinit2.o)
    0x0800018a   0x0800018a   0x00000002   Code   RO         1973    .ARM.Collect$$libshutdown$$00000000  c_w.l(libshutdown.o)
    0x0800018c   0x0800018c   0x00000000   Code   RO         1984    .ARM.Collect$$libshutdown$$00000002  c_w.l(libshutdown2.o)
    0x0800018c   0x0800018c   0x00000000   Code   RO         1986    .ARM.Collect$$libshutdown$$00000004  c_w.l(libshutdown2.o)
    0x0800018c   0x0800018c   0x00000000   Code   RO         1988    .ARM.Collect$$libshutdown$$00000006  c_w.l(libshutdown2.o)
    0x0800018c   0x0800018c   0x00000000   Code   RO         1991    .ARM.Collect$$libshutdown$$00000009  c_w.l(libshutdown2.o)
    0x0800018c   0x0800018c   0x00000000   Code   RO         1994    .ARM.Collect$$libshutdown$$0000000C  c_w.l(libshutdown2.o)
    0x0800018c   0x0800018c   0x00000000   Code   RO         1996    .ARM.Collect$$libshutdown$$0000000E  c_w.l(libshutdown2.o)
    0x0800018c   0x0800018c   0x00000000   Code   RO         1999    .ARM.Collect$$libshutdown$$00000011  c_w.l(libshutdown2.o)
    0x0800018c   0x0800018c   0x00000002   Code   RO         2000    .ARM.Collect$$libshutdown$$00000012  c_w.l(libshutdown2.o)
    0x0800018e   0x0800018e   0x00000000   Code   RO         1805    .ARM.Collect$$rtentry$$00000000  c_w.l(__rtentry.o)
    0x0800018e   0x0800018e   0x00000000   Code   RO         1821    .ARM.Collect$$rtentry$$00000002  c_w.l(__rtentry2.o)
    0x0800018e   0x0800018e   0x00000006   Code   RO         1833    .ARM.Collect$$rtentry$$00000004  c_w.l(__rtentry4.o)
    0x08000194   0x08000194   0x00000000   Code   RO         1823    .ARM.Collect$$rtentry$$00000009  c_w.l(__rtentry2.o)
    0x08000194   0x08000194   0x00000004   Code   RO         1824    .ARM.Collect$$rtentry$$0000000A  c_w.l(__rtentry2.o)
    0x08000198   0x08000198   0x00000000   Code   RO         1826    .ARM.Collect$$rtentry$$0000000C  c_w.l(__rtentry2.o)
    0x08000198   0x08000198   0x00000008   Code   RO         1827    .ARM.Collect$$rtentry$$0000000D  c_w.l(__rtentry2.o)
    0x080001a0   0x080001a0   0x00000002   Code   RO         1944    .ARM.Collect$$rtexit$$00000000  c_w.l(rtexit.o)
    0x080001a2   0x080001a2   0x00000000   Code   RO         1951    .ARM.Collect$$rtexit$$00000002  c_w.l(rtexit2.o)
    0x080001a2   0x080001a2   0x00000004   Code   RO         1952    .ARM.Collect$$rtexit$$00000003  c_w.l(rtexit2.o)
    0x080001a6   0x080001a6   0x00000006   Code   RO         1953    .ARM.Collect$$rtexit$$00000004  c_w.l(rtexit2.o)
    0x080001ac   0x080001ac   0x00000040   Code   RO         1666  * .text               startup_stm32f10x_md.o
    0x080001ec   0x080001ec   0x00000018   Code   RO         1720    .text               c_w.l(noretval__2printf.o)
    0x08000204   0x08000204   0x0000004e   Code   RO         1724    .text               c_w.l(_printf_pad.o)
    0x08000252   0x08000252   0x00000002   PAD
    0x08000254   0x08000254   0x00000078   Code   RO         1726    .text               c_w.l(_printf_dec.o)
    0x080002cc   0x080002cc   0x00000058   Code   RO         1731    .text               c_w.l(_printf_hex_int.o)
    0x08000324   0x08000324   0x00000138   Code   RO         1761    .text               c_w.l(__printf_flags_wp.o)
    0x0800045c   0x0800045c   0x0000004e   Code   RO         1773    .text               c_w.l(rt_memclr_w.o)
    0x080004aa   0x080004aa   0x00000006   Code   RO         1775    .text               c_w.l(heapauxi.o)
    0x080004b0   0x080004b0   0x000000b2   Code   RO         1806    .text               c_w.l(_printf_intcommon.o)
    0x08000562   0x08000562   0x0000041e   Code   RO         1808    .text               c_w.l(_printf_fp_dec.o)
    0x08000980   0x08000980   0x00000024   Code   RO         1810    .text               c_w.l(_printf_char_file.o)
    0x080009a4   0x080009a4   0x00000008   Code   RO         1838    .text               c_w.l(rt_locale_intlibspace.o)
    0x080009ac   0x080009ac   0x0000008a   Code   RO         1840    .text               c_w.l(lludiv10.o)
    0x08000a36   0x08000a36   0x00000002   PAD
    0x08000a38   0x08000a38   0x00000030   Code   RO         1842    .text               c_w.l(_printf_char_common.o)
    0x08000a68   0x08000a68   0x00000080   Code   RO         1844    .text               c_w.l(_printf_fp_infnan.o)
    0x08000ae8   0x08000ae8   0x000000e4   Code   RO         1846    .text               c_w.l(bigflt0.o)
    0x08000bcc   0x08000bcc   0x00000008   Code   RO         1871    .text               c_w.l(ferror.o)
    0x08000bd4   0x08000bd4   0x00000008   Code   RO         1882    .text               c_w.l(libspace.o)
    0x08000bdc   0x08000bdc   0x0000004a   Code   RO         1885    .text               c_w.l(sys_stackheap_outer.o)
    0x08000c26   0x08000c26   0x00000012   Code   RO         1889    .text               c_w.l(exit.o)
    0x08000c38   0x08000c38   0x00000080   Code   RO         1891    .text               c_w.l(strcmpv7m.o)
    0x08000cb8   0x08000cb8   0x0000000c   Code   RO         1963    .text               c_w.l(sys_exit.o)
    0x08000cc4   0x08000cc4   0x00000002   Code   RO         1974    .text               c_w.l(use_no_semi.o)
    0x08000cc6   0x08000cc6   0x00000000   Code   RO         1976    .text               c_w.l(indicate_semi.o)
    0x08000cc6   0x08000cc6   0x0000003e   Code   RO         1849    CL$$btod_d2e        c_w.l(btod.o)
    0x08000d04   0x08000d04   0x00000046   Code   RO         1851    CL$$btod_d2e_denorm_low  c_w.l(btod.o)
    0x08000d4a   0x08000d4a   0x00000060   Code   RO         1850    CL$$btod_d2e_norm_op1  c_w.l(btod.o)
    0x08000daa   0x08000daa   0x00000338   Code   RO         1859    CL$$btod_div_common  c_w.l(btod.o)
    0x080010e2   0x080010e2   0x000000dc   Code   RO         1856    CL$$btod_e2e        c_w.l(btod.o)
    0x080011be   0x080011be   0x0000002a   Code   RO         1853    CL$$btod_ediv       c_w.l(btod.o)
    0x080011e8   0x080011e8   0x0000002a   Code   RO         1852    CL$$btod_emul       c_w.l(btod.o)
    0x08001212   0x08001212   0x00000244   Code   RO         1858    CL$$btod_mult_common  c_w.l(btod.o)
    0x08001456   0x08001456   0x00000116   Code   RO          426    i.GPIO_Init         stm32f10x_gpio.o
    0x0800156c   0x0800156c   0x00000004   Code   RO          434    i.GPIO_SetBits      stm32f10x_gpio.o
    0x08001570   0x08001570   0x00000070   Code   RO          306    i.NVIC_Init         misc.o
    0x080015e0   0x080015e0   0x00000020   Code   RO          550    i.RCC_APB2PeriphClockCmd  stm32f10x_rcc.o
    0x08001600   0x08001600   0x000000d4   Code   RO          558    i.RCC_GetClocksFreq  stm32f10x_rcc.o
    0x080016d4   0x080016d4   0x00000008   Code   RO         1673    i.SetSysClock       system_stm32f10x.o
    0x080016dc   0x080016dc   0x000000a8   Code   RO         1674    i.SetSysClockToHSE  system_stm32f10x.o
    0x08001784   0x08001784   0x00000060   Code   RO         1676    i.SystemInit        system_stm32f10x.o
    0x080017e4   0x080017e4   0x00000008   Code   RO            4    i.USART1_IRQHandler  main.o
    0x080017ec   0x080017ec   0x00000018   Code   RO         1478    i.USART_Cmd         stm32f10x_usart.o
    0x08001804   0x08001804   0x0000001a   Code   RO         1481    i.USART_GetFlagStatus  stm32f10x_usart.o
    0x0800181e   0x0800181e   0x00000018   Code   RO         1483    i.USART_HalfDuplexCmd  stm32f10x_usart.o
    0x08001836   0x08001836   0x0000004a   Code   RO         1484    i.USART_ITConfig    stm32f10x_usart.o
    0x08001880   0x08001880   0x000000d8   Code   RO         1485    i.USART_Init        stm32f10x_usart.o
    0x08001958   0x08001958   0x0000000a   Code   RO         1492    i.USART_ReceiveData  stm32f10x_usart.o
    0x08001962   0x08001962   0x00000008   Code   RO         1495    i.USART_SendData    stm32f10x_usart.o
    0x0800196a   0x0800196a   0x00000028   Code   RO         1880    i.__ARM_fpclassify  m_ws.l(fpclassify.o)
    0x08001992   0x08001992   0x0000000e   Code   RO         1759    i._is_digit         c_w.l(__printf_wp.o)
    0x080019a0   0x080019a0   0x00000038   Code   RO            5    i.board_led_ini     main.o
    0x080019d8   0x080019d8   0x00000064   Code   RO            6    i.bubble_sort       main.o
    0x08001a3c   0x08001a3c   0x00000026   Code   RO          138    i.byteToBits        onewire.o
    0x08001a62   0x08001a62   0x00000002   PAD
    0x08001a64   0x08001a64   0x0000009c   Code   RO            7    i.check_mass        main.o
    0x08001b00   0x08001b00   0x00000024   Code   RO            8    i.fputc             main.o
    0x08001b24   0x08001b24   0x00000004   Code   RO          139    i.getUsartIndex     onewire.o
    0x08001b28   0x08001b28   0x000001d4   Code   RO            9    i.get_ROMid         main.o
    0x08001cfc   0x08001cfc   0x0000011c   Code   RO          140    i.hasNextRom        onewire.o
    0x08001e18   0x08001e18   0x000007a0   Code   RO           10    i.main              main.o
    0x080025b8   0x080025b8   0x00000036   Code   RO          141    i.owCRC             onewire.o
    0x080025ee   0x080025ee   0x0000000e   Code   RO          142    i.owCRC8            onewire.o
    0x080025fc   0x080025fc   0x00000014   Code   RO          143    i.owConvertTemperatureCmd  onewire.o
    0x08002610   0x08002610   0x00000034   Code   RO          145    i.owEchoRead        onewire.o
    0x08002644   0x08002644   0x0000003a   Code   RO          146    i.owInit            onewire.o
    0x0800267e   0x0800267e   0x00000020   Code   RO          147    i.owMatchRomCmd     onewire.o
    0x0800269e   0x0800269e   0x00000002   PAD
    0x080026a0   0x080026a0   0x00000058   Code   RO          148    i.owReadHandler     onewire.o
    0x080026f8   0x080026f8   0x000000aa   Code   RO          149    i.owReadScratchpadCmd  onewire.o
    0x080027a2   0x080027a2   0x0000000e   Code   RO          150    i.owReadSlot        onewire.o
    0x080027b0   0x080027b0   0x00000022   Code   RO          152    i.owResetCmd        onewire.o
    0x080027d2   0x080027d2   0x00000030   Code   RO          153    i.owSearchCmd       onewire.o
    0x08002802   0x08002802   0x00000002   PAD
    0x08002804   0x08002804   0x00000038   Code   RO          154    i.owSend            onewire.o
    0x0800283c   0x0800283c   0x00000020   Code   RO          155    i.owSendByte        onewire.o
    0x0800285c   0x0800285c   0x00000092   Code   RO          158    i.readTemperature   onewire.o
    0x080028ee   0x080028ee   0x00000002   PAD
    0x080028f0   0x080028f0   0x00000010   Code   RO          159    i.usart_enable_halfduplex  onewire.o
    0x08002900   0x08002900   0x00000030   Code   RO           11    i.usart_gpio_setup  main.o
    0x08002930   0x08002930   0x00000078   Code   RO          160    i.usart_setup_      onewire.o
    0x080029a8   0x080029a8   0x0000002c   Code   RO         1876    locale$$code        c_w.l(lc_numeric_c.o)
    0x080029d4   0x080029d4   0x00000150   Code   RO         1779    x$fpl$dadd          fz_ws.l(daddsub_clz.o)
    0x08002b24   0x08002b24   0x00000018   Code   RO         1813    x$fpl$dcmpinf       fz_ws.l(dcmpi.o)
    0x08002b3c   0x08002b3c   0x000002b0   Code   RO         1786    x$fpl$ddiv          fz_ws.l(ddiv.o)
    0x08002dec   0x08002dec   0x00000078   Code   RO         1789    x$fpl$deqf          fz_ws.l(deqf.o)
    0x08002e64   0x08002e64   0x0000002e   Code   RO         1792    x$fpl$dflt          fz_ws.l(dflt_clz.o)
    0x08002e92   0x08002e92   0x00000026   Code   RO         1791    x$fpl$dfltu         fz_ws.l(dflt_clz.o)
    0x08002eb8   0x08002eb8   0x00000078   Code   RO         1797    x$fpl$dleqf         fz_ws.l(dleqf.o)
    0x08002f30   0x08002f30   0x00000154   Code   RO         1799    x$fpl$dmul          fz_ws.l(dmul.o)
    0x08003084   0x08003084   0x0000009c   Code   RO         1815    x$fpl$dnaninf       fz_ws.l(dnaninf.o)
    0x08003120   0x08003120   0x0000000c   Code   RO         1817    x$fpl$dretinf       fz_ws.l(dretinf.o)
    0x0800312c   0x0800312c   0x0000006c   Code   RO         1801    x$fpl$drleqf        fz_ws.l(drleqf.o)
    0x08003198   0x08003198   0x000001d4   Code   RO         1781    x$fpl$dsub          fz_ws.l(daddsub_clz.o)
    0x0800336c   0x0800336c   0x00000004   Code   RO         1803    x$fpl$printf1       fz_ws.l(printf1.o)
    0x08003370   0x08003370   0x00000000   Code   RO         1819    x$fpl$usenofp       fz_ws.l(usenofp.o)
    0x08003370   0x08003370   0x00000028   Data   RO         1732    .constdata          c_w.l(_printf_hex_int.o)
    0x08003398   0x08003398   0x00000011   Data   RO         1762    .constdata          c_w.l(__printf_flags_wp.o)
    0x080033a9   0x080033a9   0x00000003   PAD
    0x080033ac   0x080033ac   0x00000094   Data   RO         1847    .constdata          c_w.l(bigflt0.o)
    0x08003440   0x08003440   0x00000020   Data   RO         2025    Region$$Table       anon$$obj.o
    0x08003460   0x08003460   0x0000001c   Data   RO         1875    locale$$data        c_w.l(lc_numeric_c.o)


    Execution Region ER_RW (Exec base: 0x20000000, Load base: 0x0800347c, Size: 0x00000034, Max: 0xffffffff, ABSOLUTE)

    Exec Addr    Load Addr    Size         Type   Attr      Idx    E Section Name        Object

    0x20000000   0x0800347c   0x0000001c   Data   RW           13    .data               main.o
    0x2000001c   0x08003498   0x00000001   Data   RW          162    .data               onewire.o
    0x2000001d   0x08003499   0x00000014   Data   RW          578    .data               stm32f10x_rcc.o


    Execution Region ER_ZI (Exec base: 0x20000034, Load base: 0x080034b0, Size: 0x000006ac, Max: 0xffffffff, ABSOLUTE)

    Exec Addr    Load Addr    Size         Type   Attr      Idx    E Section Name        Object

    0x20000034        -       0x0000003c   Zero   RW           12    .bss                main.o
    0x20000070        -       0x0000000a   Zero   RW          161    .bss                onewire.o
    0x2000007a   0x080034b0   0x00000002   PAD
    0x2000007c        -       0x00000060   Zero   RW         1883    .bss                c_w.l(libspace.o)
    0x200000dc   0x080034b0   0x00000004   PAD
    0x200000e0        -       0x00000200   Zero   RW         1664    HEAP                startup_stm32f10x_md.o
    0x200002e0        -       0x00000400   Zero   RW         1663    STACK               startup_stm32f10x_md.o


==============================================================================

Image component sizes


      Code (inc. data)   RO Data    RW Data    ZI Data      Debug   Object Name

      2824        792          0         28         60     241216   main.o
       112         12          0          0          0       1232   misc.o
      1280         42          0          1         10      14251   onewire.o
        64         26        236          0       1536        832   startup_stm32f10x_md.o
       282          0          0          0          0       2779   stm32f10x_gpio.o
       244         26          0         20          0       4149   stm32f10x_rcc.o
       382          6          0          0          0       6623   stm32f10x_usart.o
       272         26          0          0          0       2121   system_stm32f10x.o

    ----------------------------------------------------------------------
      5468        930        268         52       1608     273203   Object Totals
         0          0         32          0          0          0   (incl. Generated)
         8          0          0          3          2          0   (incl. Padding)

    ----------------------------------------------------------------------

      Code (inc. data)   RO Data    RW Data    ZI Data      Debug   Library Member Name

         8          0          0          0          0         68   __main.o
       312          4         17          0          0         92   __printf_flags_wp.o
        14          0          0          0          0         68   __printf_wp.o
         0          0          0          0          0          0   __rtentry.o
        12          0          0          0          0          0   __rtentry2.o
         6          0          0          0          0          0   __rtentry4.o
        52          8          0          0          0          0   __scatter.o
        26          0          0          0          0          0   __scatter_copy.o
        28          0          0          0          0          0   __scatter_zi.o
        48          6          0          0          0         96   _printf_char_common.o
        36          4          0          0          0         80   _printf_char_file.o
         6          0          0          0          0          0   _printf_d.o
       120         16          0          0          0         92   _printf_dec.o
         6          0          0          0          0          0   _printf_f.o
      1054          0          0          0          0        216   _printf_fp_dec.o
       128         16          0          0          0         84   _printf_fp_infnan.o
        88          4         40          0          0         88   _printf_hex_int.o
       178          0          0          0          0         88   _printf_intcommon.o
        78          0          0          0          0        108   _printf_pad.o
         0          0          0          0          0          0   _printf_percent.o
         4          0          0          0          0          0   _printf_percent_end.o
         6          0          0          0          0          0   _printf_x.o
       228          4        148          0          0         96   bigflt0.o
      1936        128          0          0          0        672   btod.o
        18          0          0          0          0         80   exit.o
         8          0          0          0          0         68   ferror.o
         6          0          0          0          0        152   heapauxi.o
         0          0          0          0          0          0   indicate_semi.o
        44         10         28          0          0         76   lc_numeric_c.o
         2          0          0          0          0          0   libinit.o
        18          0          0          0          0          0   libinit2.o
         2          0          0          0          0          0   libshutdown.o
         2          0          0          0          0          0   libshutdown2.o
         8          4          0          0         96         68   libspace.o
       138          0          0          0          0         80   lludiv10.o
        24          4          0          0          0         84   noretval__2printf.o
         8          4          0          0          0         68   rt_locale_intlibspace.o
        78          0          0          0          0         80   rt_memclr_w.o
         2          0          0          0          0          0   rtexit.o
        10          0          0          0          0          0   rtexit2.o
       128          0          0          0          0         68   strcmpv7m.o
        12          4          0          0          0         68   sys_exit.o
        74          0          0          0          0         80   sys_stackheap_outer.o
         2          0          0          0          0         68   use_no_semi.o
       804         16          0          0          0        272   daddsub_clz.o
        24          0          0          0          0         68   dcmpi.o
       688        140          0          0          0        208   ddiv.o
       120          4          0          0          0         92   deqf.o
        84          0          0          0          0        136   dflt_clz.o
       120          4          0          0          0         92   dleqf.o
       340         12          0          0          0        104   dmul.o
       156          4          0          0          0         92   dnaninf.o
        12          0          0          0          0         68   dretinf.o
       108          0          0          0          0         80   drleqf.o
         4          0          0          0          0         68   printf1.o
         0          0          0          0          0          0   usenofp.o
        40          0          0          0          0         68   fpclassify.o

    ----------------------------------------------------------------------
      7464        396        236          0        100       4236   Library Totals
         6          0          3          0          4          0   (incl. Padding)

    ----------------------------------------------------------------------

      Code (inc. data)   RO Data    RW Data    ZI Data      Debug   Library Name

      4958        216        233          0         96       2888   c_w.l
      2460        180          0          0          0       1280   fz_ws.l
        40          0          0          0          0         68   m_ws.l

    ----------------------------------------------------------------------
      7464        396        236          0        100       4236   Library Totals

    ----------------------------------------------------------------------

==============================================================================


      Code (inc. data)   RO Data    RW Data    ZI Data      Debug   

     12932       1326        504         52       1708     273119   Grand Totals
     12932       1326        504         52       1708     273119   ELF Image Totals
     12932       1326        504         52          0          0   ROM Totals

==============================================================================

    Total RO  Size (Code + RO Data)                13436 (  13.12kB)
    Total RW  Size (RW Data + ZI Data)              1760 (   1.72kB)
    Total ROM Size (Code + RO Data + RW Data)      13488 (  13.17kB)

==============================================================================

